1    P07327, ADH1A_HUMAN 
1   P00325, ADH1B_HUMAN 
1    P00326, ADH1G_HUMAN 
1    P08319, ADH4_HUMAN  
1   P28332, ADH6_HUMAN  
1   P40394, ADH7_HUMAN  
1   P11766, ADHX_HUMAN  
1   P14550, AK1A1_HUMAN 
1   Q8N335, GPD1L_HUMAN 
1   P21695, GPDA_HUMAN  
1    Q7Z4W1, DCXR_HUMAN  
1   Q00796, DHSO_HUMAN  
1   P15121, ALDR_HUMAN  
1   O60701, UGDH_HUMAN  
1   Q6ZMR3, LDH6A_HUMAN 
1    Q9BYZ2, LDH6B_HUMAN 
1   P00338, LDHA_HUMAN  
1   P07195, LDHB_HUMAN  
1   P07864, LDHC_HUMAN  
1   Q9BUT1, BDH2_HUMAN  
1   Q02338, BDH_HUMAN   
1   P31937, 3HIDH_HUMAN 
1   P04035, HMDH_HUMAN  
1    Q08426, ECHP_HUMAN  
1    Q99714, HCD2_HUMAN  
1    Q16836, HCDH_HUMAN  
1    P40925, MDHC_HUMAN  
1   P40926, MDHM_HUMAN  
1   O43175, SERA_HUMAN  
1   P23368, MAOM_HUMAN  
1    Q16798, MAON_HUMAN  
1   P48163, MAOX_HUMAN  
1   P50213, IDH3A_HUMAN 
1   O43837, IDH3B_HUMAN 
1   P51553, IDH3G_HUMAN 
1    O75874, IDHC_HUMAN  
1   P48735, IDHP_HUMAN  
1   P52209, 6PGD_HUMAN  
1   Q9Y2S2, CRYL1_HUMAN 
1    O95479, G6PE_HUMAN  
1   P11413, G6PD_HUMAN  
1    Q99714, HCD2_HUMAN  
1    C9JRZ8, AK1BF_HUMAN 
1   Q8NBQ5, DHB11_HUMAN 
1    Q53GQ0, DHB12_HUMAN 
1   P14061, DHB1_HUMAN  
1    P37059, DHB2_HUMAN  
1    P56937, DHB7_HUMAN  
1   Q92506, DHB8_HUMAN  
1   O14756, H17B6_HUMAN 
1    P42330, AK1C3_HUMAN 
1   P37058, DHB3_HUMAN  
1   Q9UBQ7, GRHPR_HUMAN 
1   Q9UBQ7, GRHPR_HUMAN 
1    O43175, SERA_HUMAN  
1    P40925, MDHC_HUMAN  
1   P49327, FAS_HUMAN   
1   Q06136, KDSR_HUMAN  
1   O14756, H17B6_HUMAN 
1   Q8N3Y7, RDHE2_HUMAN 
1    Q04828, AK1C1_HUMAN 
1   P42330, AK1C3_HUMAN 
1   P15428, PGDH_HUMAN  
1    P14060, 3BHS1_HUMAN 
1   P26439, 3BHS2_HUMAN 
1   P28845, DHI1_HUMAN  
1   Q04828, AK1C1_HUMAN 
1   P35270, SPRE_HUMAN  
1   Q15738, NSDHL_HUMAN 
1   Q99714, HCD2_HUMAN  
1    Q9UQ10, DHDH_HUMAN  
1    Q9H2F3, 3BHS7_HUMAN 
1   P16152, CBR1_HUMAN  
1   O75828, CBR3_HUMAN  
1    Q9BTZ2, DHRS4_HUMAN 
1    P42330, AK1C3_HUMAN 
1   P16152, CBR1_HUMAN  
1   P16152, CBR1_HUMAN  
1    P20839, IMDH1_HUMAN 
1    P12268, IMDH2_HUMAN 
1    P40939, ECHA_HUMAN  
1    P17516, AK1C4_HUMAN 
1    P42330, AK1C3_HUMAN 
1   P37059, DHB2_HUMAN  
1   Q92506, DHB8_HUMAN  
1    O14756, H17B6_HUMAN 
1    Q96JD6, AKCL2_HUMAN 
1    P56937, DHB7_HUMAN  
1   Q13630, FCL_HUMAN   
1    P11766, ADHX_HUMAN  
1   O75911, DHRS3_HUMAN 
1   Q8IZV5, RDH10_HUMAN 
1    Q8TC12, RDH11_HUMAN 
1    Q9NYR8, RDH8_HUMAN  
1   Q92781, RDH1_HUMAN  
1    Q53GQ0, DHB12_HUMAN 
1    P52895, AK1C2_HUMAN 
1   P42330, AK1C3_HUMAN 
1    P17516, AK1C4_HUMAN 
1   O43175, SERA_HUMAN  
1    O43488, ARK72_HUMAN 
1   P51659, DHB4_HUMAN  
1   Q86WU2, LDHD_HUMAN  
1   Q9UJM8, HAOX1_HUMAN 
1   Q9NYQ3, HAOX2_HUMAN 
1   P43304, GPDM_HUMAN  
1   Q8NE62, CHDH_HUMAN  
1   Q9H9P8, L2HDH_HUMAN 
1   Q8IWW8, HOT_HUMAN   
1   P30837, AL1B1_HUMAN 
1   P51648, AL3A2_HUMAN 
1    P49419, AL7A1_HUMAN 
1   P49189, AL9A1_HUMAN 
1   P05091, ALDH2_HUMAN 
1    P47895, AL1A3_HUMAN 
1   P30838, AL3A1_HUMAN 
1    P43353, AL3B1_HUMAN 
1    P48448, AL3B2_HUMAN 
1   P49419, AL7A1_HUMAN 
1   O14556, G3PT_HUMAN  
1   P04406, G3P_HUMAN   
1   Q02252, MMSA_HUMAN  
1   P49189, AL9A1_HUMAN 
1    P51649, SSDH_HUMAN  
1    Q02252, MMSA_HUMAN  
1   P49419, AL7A1_HUMAN 
1    P00352, AL1A1_HUMAN 
1   O94788, AL1A2_HUMAN 
1    P54886, P5CS_HUMAN  
1   P49189, AL9A1_HUMAN 
1    Q8WVX9, FACR1_HUMAN 
1   Q96K12, FACR2_HUMAN 
1   P30038, AL4A1_HUMAN 
1    Q06278, AOXA_HUMAN  
1   P29803, ODPAT_HUMAN 
1   P08559, ODPA_HUMAN  
1   P11177, ODPB_HUMAN  
1   Q96HY7, DHTK1_HUMAN 
1   Q02218, ODO1_HUMAN  
1   P12694, ODBA_HUMAN  
1    P21953, ODBB_HUMAN  
1    Q12882, DPYD_HUMAN  
1   P51857, AK1D1_HUMAN 
1    Q04828, AK1C1_HUMAN 
1   P52895, AK1C2_HUMAN 
1   P42330, AK1C3_HUMAN 
1   Q9UQ10, DHDH_HUMAN  
1   Q9UBM7, DHCR7_HUMAN 
1   Q9H8P0, PORED_HUMAN 
1    P18405, S5A1_HUMAN  
1   P31213, S5A2_HUMAN  
1    P53004, BIEA_HUMAN  
1   P30043, BLVRB_HUMAN 
1    Q9NUI1, DECR2_HUMAN 
1   Q16698, DECR_HUMAN  
1   Q9BY49, PECR_HUMAN  
1   P49327, FAS_HUMAN   
1   Q14914, PTGR1_HUMAN 
1   Q8N8N7, PTGR2_HUMAN 
1   Q8N4Q0, PTGR3_HUMAN 
1   O76062, ERG24_HUMAN 
1    Q15392, DHC24_HUMAN 
1   Q14914, PTGR1_HUMAN 
1   Q9NZ01, TECR_HUMAN  
1    Q9H8P0, PORED_HUMAN 
1    Q9BV79, MECR_HUMAN  
1    P36551, HEM6_HUMAN  
1    P50336, PPOX_HUMAN  
1   Q15067, ACOX1_HUMAN 
1   O15254, ACOX3_HUMAN 
1   P31040, SDHA_HUMAN  
1   P21912, SDHB_HUMAN  
1    Q02127, PYRD_HUMAN  
1   P16219, ACADS_HUMAN 
1    P26440, IVD_HUMAN   
1   P45954, ACDSB_HUMAN 
1    Q92947, GCDH_HUMAN  
1   P11310, ACADM_HUMAN 
1    P28330, ACADL_HUMAN 
1   P49748, ACADV_HUMAN 
1   Q6NUM9, RETST_HUMAN 
1   P00367, DHE3_HUMAN  
1    P49448, DHE4_HUMAN  
1   A6ND91, ASPD_HUMAN  
1    Q99489, OXDD_HUMAN  
1    Q96RQ9, OXLA_HUMAN  
1   P14920, OXDA_HUMAN  
1   P21397, AOFA_HUMAN  
1   P27338, AOFB_HUMAN  
1   Q9NVS9, PNPO_HUMAN  
1    Q9Y4K0, LOXL2_HUMAN 
1    P58215, LOXL3_HUMAN 
1   P28300, LYOX_HUMAN  
1   O75106, AOC2_HUMAN  
1   Q16853, AOC3_HUMAN  
1   P19801, AOC1_HUMAN  
1   P23378, GCSP_HUMAN  
1   P32322, P5CR1_HUMAN 
1   Q96C36, P5CR2_HUMAN 
1   Q53H96, P5CR3_HUMAN 
1   Q86XF0, DYR2_HUMAN  
1   P00374, DYR_HUMAN   
1   P11586, C1TC_HUMAN  
1    O75891, AL1L1_HUMAN 
1    Q3SY69, AL1L2_HUMAN 
1   Q9UDR5, AASS_HUMAN  
1   Q9UDR5, AASS_HUMAN  
1   Q9H903, MTD2L_HUMAN 
1   P13995, MTDC_HUMAN  
1   P42898, MTHR_HUMAN  
1   Q14894, CRYM_HUMAN  
1   P30043, BLVRB_HUMAN 
1   P09417, DHPR_HUMAN  
1   Q9P0Z9, SOX_HUMAN   
1   Q9P0Z9, SOX_HUMAN   
1   Q6QHF9, PAOX_HUMAN  
1   Q9NWM0, SMOX_HUMAN  
1   Q16134, ETFD_HUMAN  
1   Q9UF12, HYPDH_HUMAN 
1   O43272, PROD_HUMAN  
1    Q9UL12, SARDH_HUMAN 
1    Q9UI17, M2GD_HUMAN  
1   Q13423, NNTM_HUMAN  
1   Q9UHQ9, NB5R1_HUMAN 
1   Q6BCY4, NB5R2_HUMAN 
1   P00387, NB5R3_HUMAN 
1    Q7L1T6, NB5R4_HUMAN 
1   Q6IPT4, NB5R5_HUMAN 
1    P16435, NCPR_HUMAN  
1   Q9NRD9, DUOX1_HUMAN 
1   Q9NRD8, DUOX2_HUMAN 
1    Q5VYX0, RNLS_HUMAN  
1   P15559, NQO1_HUMAN  
1    P28331, NDUS1_HUMAN 
1   O75306, NDUS2_HUMAN 
1   O75489, NDUS3_HUMAN 
1   O75251, NDUS7_HUMAN 
1   O00217, NDUS8_HUMAN 
1    P49821, NDUV1_HUMAN 
1    P19404, NDUV2_HUMAN 
1   P03886, NU1M_HUMAN  
1   P03891, NU2M_HUMAN  
1   P03897, NU3M_HUMAN  
1   P03901, NU4LM_HUMAN 
1    P03905, NU4M_HUMAN  
1    P03915, NU5M_HUMAN  
1   P03923, NU6M_HUMAN  
1   Q08257, QOR_HUMAN   
1   P28331, NDUS1_HUMAN 
1   O75306, NDUS2_HUMAN 
1   O75489, NDUS3_HUMAN 
1   O75251, NDUS7_HUMAN 
1    O00217, NDUS8_HUMAN 
1   P49821, NDUV1_HUMAN 
1   P19404, NDUV2_HUMAN 
1    P36959, GMPR1_HUMAN 
1   Q9P2T1, GMPR2_HUMAN 
1    P09622, DLDH_HUMAN  
1    P00390, GSHR_HUMAN  
1    Q6DKJ4, NXN_HUMAN   
1   P62341, SELT_HUMAN  
1    Q16881, TRXR1_HUMAN 
1   Q9NNW7, TRXR2_HUMAN 
1   Q86VQ6, TRXR3_HUMAN 
1    P51687, SUOX_HUMAN  
1   P55789, ALR_HUMAN   
1    O00391, QSOX1_HUMAN 
1    Q6ZRP7, QSOX2_HUMAN 
1    Q9UHG3, PCYOX_HUMAN 
1   O95881, TXD12_HUMAN 
1   Q9UJ68, MSRA_HUMAN  
1   P78417, GSTO1_HUMAN 
1   Q9H4Y5, GSTO2_HUMAN 
1   Q9BYN0, SRXN1_HUMAN 
1   P00395, COX1_HUMAN  
1   P47985, UCRI_HUMAN  
1    P16083, NQO2_HUMAN  
1   P04040, CATA_HUMAN  
1   P11678, PERE_HUMAN  
1    P22079, PERL_HUMAN  
1   A1KZ92, PXDNL_HUMAN 
1   Q92626, PXDN_HUMAN  
1   P07202, PERT_HUMAN  
1    P07203, GPX1_HUMAN  
1   P18283, GPX2_HUMAN  
1    P22352, GPX3_HUMAN  
1   O75715, GPX5_HUMAN  
1   P59796, GPX6_HUMAN  
1    Q96SL4, GPX7_HUMAN  
1   Q8TED1, GPX8_HUMAN  
1   P30041, PRDX6_HUMAN 
1   P36969, GPX4_HUMAN  
1    Q06830, PRDX1_HUMAN 
1    P32119, PRDX2_HUMAN 
1   P30048, PRDX3_HUMAN 
1   Q13162, PRDX4_HUMAN 
1   P30044, PRDX5_HUMAN 
1    P30041, PRDX6_HUMAN 
1   Q9Y6P5, SESN1_HUMAN 
1   P58004, SESN2_HUMAN 
1   Q8TBF2, PGFS_HUMAN  
1    P05164, PERM_HUMAN  
1   Q93099, HGD_HUMAN   
1   P46952, 3HAO_HUMAN  
1   P48775, T23O_HUMAN  
1   O95571, ETHE1_HUMAN 
1   Q96SZ5, AEDO_HUMAN  
1    Q16878, CDO1_HUMAN  
1    O00625, PIR_HUMAN   
1   P32754, HPPD_HUMAN  
1    P18054, LOX12_HUMAN 
1   P16050, LOX15_HUMAN 
1   P16050, LOX15_HUMAN 
1   O15296, LX15B_HUMAN 
1    P09917, LOX5_HUMAN  
1    P14902, I23O1_HUMAN 
1   Q9BV57, MTND_HUMAN  
1   Q9HAY6, BCDO1_HUMAN 
1    Q9BYV7, BCDO2_HUMAN 
1   Q9UGB7, MIOX_HUMAN  
1   O75936, BODG_HUMAN  
1   P13674, P4HA1_HUMAN 
1   O15460, P4HA2_HUMAN 
1   Q7Z4N8, P4HA3_HUMAN 
1   Q02809, PLOD1_HUMAN 
1    O00469, PLOD2_HUMAN 
1    O60568, PLOD3_HUMAN 
1   Q32P28, P3H1_HUMAN  
1   Q8IVL5, P3H2_HUMAN  
1   Q8IVL6, P3H3_HUMAN  
1   Q9NVH6, TMLH_HUMAN  
1   Q12797, ASPH_HUMAN  
1   O14832, PAHX_HUMAN  
1   Q9Y2K7, KDM2A_HUMAN 
1   Q8NHM5, KDM2B_HUMAN 
1    Q8N371, KDM8_HUMAN  
1    Q9UPP1, PHF8_HUMAN  
1   Q9H6W3, RIOX1_HUMAN 
1   Q9GZT9, EGLN1_HUMAN 
1   Q96KS0, EGLN2_HUMAN 
1   Q9H6Z9, EGLN3_HUMAN 
1   Q9NWT6, HIF1N_HUMAN 
1    Q13686, ALKB1_HUMAN 
1   Q6NS38, ALKB2_HUMAN 
1   A2RUC4, TYW5_HUMAN  
1   Q96Q83, ALKB3_HUMAN 
1    Q8NFU7, TET1_HUMAN  
1   Q6N021, TET2_HUMAN  
1   O43151, TET3_HUMAN  
1   Q9NWT6, HIF1N_HUMAN 
1   Q01740, FMO1_HUMAN  
1    Q99518, FMO2_HUMAN  
1    P31513, FMO3_HUMAN  
1    P31512, FMO4_HUMAN  
1   P49326, FMO5_HUMAN  
1    O60774, FMO6_HUMAN  
1    O15229, KMO_HUMAN   
1    P78329, CP4F2_HUMAN 
1   Q08477, CP4F3_HUMAN 
1    P08684, CP3A4_HUMAN 
1   P29475, NOS1_HUMAN  
1    P35228, NOS2_HUMAN  
1   P29474, NOS3_HUMAN  
1   P11712, CP2C9_HUMAN 
1    P33261, CP2CJ_HUMAN 
1    P11712, CP2C9_HUMAN 
1   P33261, CP2CJ_HUMAN 
1    P08684, CP3A4_HUMAN 
1   Q16850, CP51A_HUMAN 
1   Q15800, MSMO1_HUMAN 
1    P11712, CP2C9_HUMAN 
1   P33261, CP2CJ_HUMAN 
1    P08684, CP3A4_HUMAN 
1   P31513, FMO3_HUMAN  
1    P08684, CP3A4_HUMAN 
1    P78329, CP4F2_HUMAN 
1   Q9HBI6, CP4FB_HUMAN 
1    Q08477, CP4F3_HUMAN 
1   Q6ZWL3, CP4V2_HUMAN 
1   Q02928, CP4AB_HUMAN 
1   Q5TCH4, CP4AM_HUMAN 
1   Q8TDZ2, MICA1_HUMAN 
1    O94851, MICA2_HUMAN 
1   Q7RTP6, MICA3_HUMAN 
1   P05181, CP2E1_HUMAN 
1   P04798, CP1A1_HUMAN 
1    P05177, CP1A2_HUMAN 
1   Q16678, CP1B1_HUMAN 
1    P20853, CP2A7_HUMAN 
1   Q16696, CP2AD_HUMAN 
1   P10632, CP2C8_HUMAN 
1   P33260, CP2CI_HUMAN 
1   P10635, CP2D6_HUMAN 
1   A0A087X1C5, CP2D7_HUMAN 
1   P24903, CP2F1_HUMAN 
1   P51589, CP2J2_HUMAN 
1   Q96SQ9, CP2S1_HUMAN 
1   Q7Z449, CP2U1_HUMAN 
1   Q9HB55, CP343_HUMAN 
1   P08684, CP3A4_HUMAN 
1    P20815, CP3A5_HUMAN 
1    P24462, CP3A7_HUMAN 
1    P13584, CP4B1_HUMAN 
1   P98187, CP4F8_HUMAN 
1    Q9HCS2, CP4FC_HUMAN 
1   Q8N118, CP4X1_HUMAN 
1   Q86W10, CP4Z1_HUMAN 
1   P11511, CP19A_HUMAN 
1   P08686, CP21A_HUMAN 
1   Q14534, ERG1_HUMAN  
1   P09601, HMOX1_HUMAN 
1   P30519, HMOX2_HUMAN 
1   P05093, CP17A_HUMAN 
1   P22680, CP7A1_HUMAN 
1    Q6VVX0, CP2R1_HUMAN 
1    Q9Y6A2, CP46A_HUMAN 
1    Q9NYL5, CP39A_HUMAN 
1    O75881, CP7B1_HUMAN 
1   P05093, CP17A_HUMAN 
1   P15538, C11B1_HUMAN 
1   P19099, C11B2_HUMAN 
1    P19099, C11B2_HUMAN 
1   P05108, CP11A_HUMAN 
1    Q02318, CP27A_HUMAN 
1    Q07973, CP24A_HUMAN 
1    O15528, CP27B_HUMAN 
1    P00439, PH4H_HUMAN  
1    P07101, TY3H_HUMAN  
1    P17752, TPH1_HUMAN  
1   Q8IWU9, TPH2_HUMAN  
1   Q6ZNB7, ALKMO_HUMAN 
1    P09172, DOPO_HUMAN  
1   P19021, AMD_HUMAN   
1    P14679, TYRO_HUMAN  
1   Q6QHC5, DEGS2_HUMAN 
1    Q9UNU6, CP8B1_HUMAN 
1   O00767, ACOD_HUMAN  
1   Q86SK9, SCD5_HUMAN  
1   O95864, FADS2_HUMAN 
1    O15121, DEGS1_HUMAN 
1   Q6QHC5, DEGS2_HUMAN 
1   O75845, SC5D_HUMAN  
1   P23219, PGH1_HUMAN  
1   P35354, PGH2_HUMAN  
1   Q9BU89, DOHH_HUMAN  
1    O95992, CH25H_HUMAN 
1   P11712, CP2C9_HUMAN 
1   P00441, SODC_HUMAN  
1   P08294, SODE_HUMAN  
1    P04179, SODM_HUMAN  
1   Q9UBK8, MTRR_HUMAN  
1   P00450, CERU_HUMAN  
1   Q16595, FRDA_HUMAN  
1    P02794, FRIH_HUMAN  
1   Q8N4E7, FTMT_HUMAN  
1   P47989, XDH_HUMAN   
1    P47989, XDH_HUMAN   
1   P23921, RIR1_HUMAN  
1    Q7LG56, RIR2B_HUMAN 
1   P31350, RIR2_HUMAN  
1   Q9BQB6, VKOR1_HUMAN 
1   Q8N0U8, VKORL_HUMAN 
1    Q99424, ACOX2_HUMAN 
1    P22570, ADRO_HUMAN  
1   P78417, GSTO1_HUMAN 
1   Q9H4Y5, GSTO2_HUMAN 
1    Q6PHW0, IYD1_HUMAN  
1   P55073, IOD3_HUMAN  
1   P49895, IOD1_HUMAN  
1    Q92813, IOD2_HUMAN  
2   P40261, NNMT_HUMAN  
2   Q14353, GAMT_HUMAN  
2   P46597, ASMT_HUMAN  
2   Q93088, BHMT1_HUMAN 
2   P21964, COMT_HUMAN  
2   Q8WZ04, TOMT_HUMAN  
2   P50135, HNMT_HUMAN  
2    Q9H2M3, BHMT2_HUMAN 
2    Q99707, METH_HUMAN  
2   Q9UBM1, PEMT_HUMAN  
2    Q14749, GNMT_HUMAN  
2    Q8N4J0, CARME_HUMAN 
2   P11086, PNMT_HUMAN  
2    Q9UBP6, TRMB_HUMAN  
2   Q96GJ1, TRM2_HUMAN  
2    Q9Y6K1, DNM3A_HUMAN 
2    Q9UBC3, DNM3B_HUMAN 
2    P26358, DNMT1_HUMAN 
2    Q9NR48, ASH1L_HUMAN 
2   Q8TEK3, DOT1L_HUMAN 
2   Q9H9B1, EHMT1_HUMAN 
2    Q96KQ7, EHMT2_HUMAN 
2   Q92800, EZH1_HUMAN  
2   Q15910, EZH2_HUMAN  
2    Q03164, KMT2A_HUMAN 
2   Q9UMN6, KMT2B_HUMAN 
2   Q8NEZ4, KMT2C_HUMAN 
2    O14686, KMT2D_HUMAN 
2   Q8IZD2, KMT2E_HUMAN 
2   Q9NQR1, KMT5A_HUMAN 
2    Q4FZB7, KMT5B_HUMAN 
2    Q86Y97, KMT5C_HUMAN 
2    Q96L73, NSD1_HUMAN  
2   O96028, NSD2_HUMAN  
2   Q9BZ95, NSD3_HUMAN  
2    Q13029, PRDM2_HUMAN 
2    Q9NQX0, PRDM6_HUMAN 
2   Q9NQW5, PRDM7_HUMAN 
2   Q9NQV7, PRDM9_HUMAN 
2   O15047, SET1A_HUMAN 
2   Q9UPS6, SET1B_HUMAN 
2    Q15047, SETB1_HUMAN 
2   Q96T68, SETB2_HUMAN 
2   Q9BYW2, SETD2_HUMAN 
2    Q86TU7, SETD3_HUMAN 
2    Q8WTS6, SETD7_HUMAN 
2   Q53H47, SETMR_HUMAN 
2    Q8NB12, SMYD1_HUMAN 
2   Q9NRG4, SMYD2_HUMAN 
2   Q9H7B4, SMYD3_HUMAN 
2    O43463, SUV91_HUMAN 
2    Q9H5I1, SUV92_HUMAN 
2   P04818, TYSY_HUMAN  
2    O95050, INMT_HUMAN  
2   O43148, MCES_HUMAN  
2    Q8N1G2, CMTR1_HUMAN 
2    Q7Z624, CMKMT_HUMAN 
2   Q9HCE5, MET14_HUMAN 
2    Q86U44, MTA70_HUMAN 
2    P16455, MGMT_HUMAN  
2   Q9NZJ6, COQ3_HUMAN  
2   P51580, TPMT_HUMAN  
2    Q9UBM1, PEMT_HUMAN  
2    P22061, PIMT_HUMAN  
2    O95050, INMT_HUMAN  
2    O60725, ICMT_HUMAN  
2   Q9NZJ6, COQ3_HUMAN  
2   Q9HBK9, AS3MT_HUMAN 
2   Q9UNQ2, DIM1_HUMAN  
2   Q5HYK3, COQ5_HUMAN  
2   Q08J23, NSUN2_HUMAN 
2   O14717, TRDMT_HUMAN 
2   Q9UET6, TRM7_HUMAN  
2   Q8IYL2, TRM44_HUMAN 
2   Q9NXH9, TRM1_HUMAN  
2    Q9BVS5, TR61B_HUMAN 
2   Q96FX7, TRM61_HUMAN 
2    Q9NUP7, TRM13_HUMAN 
2    Q32P41, TRM5_HUMAN  
2   Q96BT7, ALKB8_HUMAN 
2    Q9UIC8, LCMT1_HUMAN 
2   Q9BV86, NTM1A_HUMAN 
2   Q6IPR3, TYW3_HUMAN  
2   O60294, TYW4_HUMAN  
2   Q8IYT2, CMTR2_HUMAN 
2   Q5VVY1, NTM1B_HUMAN 
2   Q9H2P9, DPH5_HUMAN  
2   Q99873, ANM1_HUMAN  
2   P55345, ANM2_HUMAN  
2   Q96LA8, ANM6_HUMAN  
2    Q86X55, CARM1_HUMAN 
2    O14744, ANM5_HUMAN  
2   Q6P2P2, ANM9_HUMAN  
2   Q7L592, NDUF7_HUMAN 
2   Q9NVM4, ANM7_HUMAN  
2   Q5T8I9, HENMT_HUMAN 
2    P34896, GLYC_HUMAN  
2   P34897, GLYM_HUMAN  
2   P22102, PUR2_HUMAN  
2   P31939, PUR9_HUMAN  
2   O95954, FTCD_HUMAN  
2   Q96DP5, FMT_HUMAN   
2    P48728, GCST_HUMAN  
2   P27708, PYR1_HUMAN  
2    P00480, OTC_HUMAN   
2    P50440, GATM_HUMAN  
2   P51854, TKTL1_HUMAN 
2    Q9H0I9, TKTL2_HUMAN 
2   P29401, TKT_HUMAN   
2    P37837, TALDO_HUMAN 
2   Q8N159, NAGS_HUMAN  
2   Q96EK6, GNA1_HUMAN  
2   P18440, ARY1_HUMAN  
2   P11245, ARY2_HUMAN  
2   P28329, CLAT_HUMAN  
2    P43155, CACP_HUMAN  
2   Q9BWD1, THIC_HUMAN  
2    P24752, THIL_HUMAN  
2   P10515, ODP2_HUMAN  
2   Q6IB77, GLYAT_HUMAN 
2    Q8WU03, GLYL2_HUMAN 
2   Q9HCL2, GPAT1_HUMAN 
2   Q6NUI2, GPAT2_HUMAN 
2    Q53EU6, GPAT3_HUMAN 
2   Q86UL3, GPAT4_HUMAN 
2   P55084, ECHB_HUMAN  
2   P09110, THIK_HUMAN  
2    P42765, THIM_HUMAN  
2   Q8N9F0, NAT8L_HUMAN 
2    O75907, DGAT1_HUMAN 
2   Q96PD7, DGAT2_HUMAN 
2    Q86VF5, MOGT3_HUMAN 
2   P50416, CPT1A_HUMAN 
2   Q92523, CPT1B_HUMAN 
2    Q8TCG5, CPT1C_HUMAN 
2   P23786, CPT2_HUMAN  
2   Q96PD6, MOGT1_HUMAN 
2   Q3SYC2, MOGT2_HUMAN 
2   Q86VF5, MOGT3_HUMAN 
2   Q643R3, LPCT4_HUMAN 
2    Q6P1A2, MBOA5_HUMAN 
2   Q8NF37, PCAT1_HUMAN 
2   Q7L5N7, PCAT2_HUMAN 
2    Q8IU89, CERS3_HUMAN 
2   Q8N5B7, CERS5_HUMAN 
2    P35610, SOAT1_HUMAN 
2   O75908, SOAT2_HUMAN 
2   O75600, KBL_HUMAN   
2   P22557, HEM0_HUMAN  
2   P13196, HEM1_HUMAN  
2   P49327, FAS_HUMAN   
2   Q8IVS2, FABD_HUMAN  
2   P49327, FAS_HUMAN   
2   P49327, FAS_HUMAN   
2   Q9NWU1, OXSM_HUMAN  
2   O15228, GNPAT_HUMAN 
2   P04180, LCAT_HUMAN  
2   Q96PB1, CASD1_HUMAN 
2   P15336, ATF2_HUMAN  
2   Q92793, CBP_HUMAN   
2   Q9Y6F8, CDY1_HUMAN  
2    Q9Y6F7, CDY2_HUMAN  
2   Q9Y232, CDYL1_HUMAN 
2   O15516, CLOCK_HUMAN 
2   Q9H9T3, ELP3_HUMAN  
2   Q09472, EP300_HUMAN 
2   O14929, HAT1_HUMAN  
2   Q92830, KAT2A_HUMAN 
2   Q92831, KAT2B_HUMAN 
2    Q92993, KAT5_HUMAN  
2   Q92794, KAT6A_HUMAN 
2   Q8WYB5, KAT6B_HUMAN 
2   O95251, KAT7_HUMAN  
2   Q9H7Z6, KAT8_HUMAN  
2   Q9H7X0, NAA60_HUMAN 
2    Q15788, NCOA1_HUMAN 
2    Q9Y6Q9, NCOA3_HUMAN 
2    P21675, TAF1_HUMAN  
2   Q9UKN8, TF3C4_HUMAN 
2   O15269, SPTC1_HUMAN 
2   O15270, SPTC2_HUMAN 
2   Q9NUV7, SPTC3_HUMAN 
2    Q8WTS1, ABHD5_HUMAN 
2    Q53EU6, GPAT3_HUMAN 
2   Q6UWP7, LCLT1_HUMAN 
2    Q6ZWT7, MBOA2_HUMAN 
2   Q7L5N7, PCAT2_HUMAN 
2    Q99943, PLCA_HUMAN  
2    O15120, PLCB_HUMAN  
2   Q9NRZ7, PLCC_HUMAN  
2    Q9NRZ5, PLCD_HUMAN  
2   Q9NUQ2, PLCE_HUMAN  
2   P21673, SAT1_HUMAN  
2   Q96F10, SAT2_HUMAN  
2    P36957, ODO2_HUMAN  
2    Q14032, BAAT_HUMAN  
2    Q643R3, LPCT4_HUMAN 
2   Q8NF37, PCAT1_HUMAN 
2    Q7L5N7, PCAT2_HUMAN 
2    Q969I3, GLYL1_HUMAN 
2   Q6IB77, GLYAT_HUMAN 
2    Q58HT5, AWAT1_HUMAN 
2   Q6E213, AWAT2_HUMAN 
2    Q6E213, AWAT2_HUMAN 
2   O75907, DGAT1_HUMAN 
2   Q96PD7, DGAT2_HUMAN 
2    Q68CP4, HGNAT_HUMAN 
2    Q9UHE5, NAT8_HUMAN  
2   P49327, FAS_HUMAN   
2    Q16613, SNAT_HUMAN  
2   P30419, NMT1_HUMAN  
2    O60551, NMT2_HUMAN  
2   Q5SQI0, ATAT_HUMAN  
2    Q643R3, LPCT4_HUMAN 
2   O95237, LRAT_HUMAN  
2   Q9UKG9, OCTC_HUMAN  
2   P11182, ODB2_HUMAN  
2    P22307, NLTP_HUMAN  
2   A6NK58, LIPT2_HUMAN 
2    Q9BW60, ELOV1_HUMAN 
2   Q9NXB9, ELOV2_HUMAN 
2   Q9HB03, ELOV3_HUMAN 
2   Q9GZR5, ELOV4_HUMAN 
2    Q9NYP7, ELOV5_HUMAN 
2    Q9H5J4, ELOV6_HUMAN 
2   A1L3X0, ELOV7_HUMAN 
2   Q9H8X9, ZDH11_HUMAN 
2   Q96GR4, ZDH12_HUMAN 
2    Q8IUH4, ZDH13_HUMAN 
2   Q8IZN3, ZDH14_HUMAN 
2   Q96MV8, ZDH15_HUMAN 
2   Q969W1, ZDH16_HUMAN 
2    Q8IUH5, ZDH17_HUMAN 
2   Q9NUE0, ZDH18_HUMAN 
2   Q8WVZ1, ZDH19_HUMAN 
2    Q5W0Z9, ZDH20_HUMAN 
2   Q8IVQ6, ZDH21_HUMAN 
2   Q8N966, ZDH22_HUMAN 
2    Q8IYP9, ZDH23_HUMAN 
2   Q6UX98, ZDH24_HUMAN 
2    Q8WTX9, ZDHC1_HUMAN 
2   Q9UIJ5, ZDHC2_HUMAN 
2    Q9NYG2, ZDHC3_HUMAN 
2   Q9NPG8, ZDHC4_HUMAN 
2    Q9C0B5, ZDHC5_HUMAN 
2   Q9H6R6, ZDHC6_HUMAN 
2   Q9NXF8, ZDHC7_HUMAN 
2   Q9ULC8, ZDHC8_HUMAN 
2    Q9Y397, ZDHC9_HUMAN 
2   P0C7U3, ZH11B_HUMAN 
2   O60294, TYW4_HUMAN  
2   Q9NPF4, OSGEP_HUMAN 
2   Q9H4B0, OSGP2_HUMAN 
2   P61599, NAA20_HUMAN 
2   P41227, NAA10_HUMAN 
2   Q9BSU3, NAA11_HUMAN 
2   Q147X3, NAA30_HUMAN 
2   Q86UY6, NAA40_HUMAN 
2   Q9GZZ1, NAA50_HUMAN 
2    Q9H7X0, NAA60_HUMAN 
2   Q96N66, MBOA7_HUMAN 
2    Q643R3, LPCT4_HUMAN 
2   Q6ZNC8, MBOA1_HUMAN 
2   Q6P1A2, MBOA5_HUMAN 
2    Q643R3, LPCT4_HUMAN 
2   Q6ZWT7, MBOA2_HUMAN 
2   P19440, GGT1_HUMAN  
2   A6NGU5, GGT3_HUMAN  
2    P36269, GGT5_HUMAN  
2   Q6P531, GGT6_HUMAN  
2   Q9UJ14, GGT7_HUMAN  
2   Q9BVM4, GGACT_HUMAN 
2    O75223, GGCT_HUMAN  
2   Q9NXS2, QPCTL_HUMAN 
2    Q16769, QPCT_HUMAN  
2    O95260, ATE1_HUMAN  
2   P00488, F13A_HUMAN  
2    P22735, TGM1_HUMAN  
2   P21980, TGM2_HUMAN  
2   O95932, TGM3L_HUMAN 
2    Q08188, TGM3_HUMAN  
2    P49221, TGM4_HUMAN  
2    O43548, TGM5_HUMAN  
2   Q96PF1, TGM7_HUMAN  
2   A1L167, U2QL1_HUMAN 
2   P51668, UB2D1_HUMAN 
2   P62837, UB2D2_HUMAN 
2   P61077, UB2D3_HUMAN 
2   Q9Y2X8, UB2D4_HUMAN 
2    P51965, UB2E1_HUMAN 
2   Q96LR5, UB2E2_HUMAN 
2   Q969T4, UB2E3_HUMAN 
2   P62253, UB2G1_HUMAN 
2    P60604, UB2G2_HUMAN 
2    Q9Y385, UB2J1_HUMAN 
2   Q8N2K1, UB2J2_HUMAN 
2   P68036, UB2L3_HUMAN 
2    O14933, UB2L6_HUMAN 
2    Q7Z7E8, UB2Q1_HUMAN 
2    Q8WVN8, UB2Q2_HUMAN 
2    P49427, UB2R1_HUMAN 
2   Q712K3, UB2R2_HUMAN 
2   P49459, UBE2A_HUMAN 
2   P63146, UBE2B_HUMAN 
2    O00762, UBE2C_HUMAN 
2    P62256, UBE2H_HUMAN 
2    P61086, UBE2K_HUMAN 
2   P61088, UBE2N_HUMAN 
2   Q16763, UBE2S_HUMAN 
2   Q9NPD8, UBE2T_HUMAN 
2   Q5VVX9, UBE2U_HUMAN 
2   Q96B02, UBE2W_HUMAN 
2   Q9H832, UBE2Z_HUMAN 
2   P51668, UB2D1_HUMAN 
2   P62837, UB2D2_HUMAN 
2   P61077, UB2D3_HUMAN 
2   P51965, UB2E1_HUMAN 
2    P49427, UB2R1_HUMAN 
2   O00762, UBE2C_HUMAN 
2   P62256, UBE2H_HUMAN 
2    Q9C0C9, UBE2O_HUMAN 
2   Q96B02, UBE2W_HUMAN 
2   O15033, AREL1_HUMAN 
2   Q7L622, G2E3_HUMAN  
2   Q8IYU2, HACE1_HUMAN 
2   Q9ULT8, HECD1_HUMAN 
2    Q5U5R9, HECD2_HUMAN 
2    Q5T447, HECD3_HUMAN 
2   Q9Y4D8, HECD4_HUMAN 
2    Q76N89, HECW1_HUMAN 
2   Q9P2P5, HECW2_HUMAN 
2   Q15751, HERC1_HUMAN 
2    O95714, HERC2_HUMAN 
2   Q15034, HERC3_HUMAN 
2    Q5GLZ8, HERC4_HUMAN 
2    Q8IVU3, HERC6_HUMAN 
2   Q7Z6Z7, HUWE1_HUMAN 
2   Q96J02, ITCH_HUMAN  
2   Q96PU5, NED4L_HUMAN 
2    P46934, NEDD4_HUMAN 
2   Q9HCE7, SMUF1_HUMAN 
2   Q9HAU4, SMUF2_HUMAN 
2   Q14669, TRIPC_HUMAN 
2    Q05086, UBE3A_HUMAN 
2   Q7Z3V4, UBE3B_HUMAN 
2   Q15386, UBE3C_HUMAN 
2   Q7Z6J8, UBE3D_HUMAN 
2    O95071, UBR5_HUMAN  
2   Q9H0M0, WWP1_HUMAN  
2   O00308, WWP2_HUMAN  
2   Q9UKV5, AMFR_HUMAN  
2   Q99728, BARD1_HUMAN 
2    Q13490, BIRC2_HUMAN 
2    Q13489, BIRC3_HUMAN 
2   Q9NR09, BIRC6_HUMAN 
2   Q96CA5, BIRC7_HUMAN 
2   Q7Z569, BRAP_HUMAN  
2   P38398, BRCA1_HUMAN 
2   Q5VTR2, BRE1A_HUMAN 
2    O75150, BRE1B_HUMAN 
2    Q13191, CBLB_HUMAN  
2   Q9ULV8, CBLC_HUMAN  
2   P22681, CBL_HUMAN   
2   Q96EP1, CHFR_HUMAN  
2   Q9UNE7, CHIP_HUMAN  
2   Q9NPC3, CIP1_HUMAN  
2   O95628, CNOT4_HUMAN 
2   Q86Y01, DTX1_HUMAN  
2   Q86UW9, DTX2_HUMAN  
2   Q8TDB6, DTX3L_HUMAN 
2    Q8N9I9, DTX3_HUMAN  
2    Q9Y2E6, DTX4_HUMAN  
2    Q86Y13, DZIP3_HUMAN 
2    Q66K89, E4F1_HUMAN  
2    Q9NW38, FANCL_HUMAN 
2   Q86XS8, GOLI_HUMAN  
2    Q75N03, HAKAI_HUMAN 
2   Q14527, HLTF_HUMAN  
2   Q9BYM8, HOIL1_HUMAN 
2   Q8IU81, I2BP1_HUMAN 
2    Q9NQC1, JADE2_HUMAN 
2    Q693B1, KCD11_HUMAN 
2   Q9P0J7, KCMF1_HUMAN 
2   Q2Q1W2, LIN41_HUMAN 
2    Q8TBB1, LNX1_HUMAN  
2    Q6UWE0, LRSM1_HUMAN 
2   O94822, LTN1_HUMAN  
2   Q8TCQ1, MARH1_HUMAN 
2   Q9P0N8, MARH2_HUMAN 
2   Q86UD3, MARH3_HUMAN 
2   Q9P2E8, MARH4_HUMAN 
2   Q9NX47, MARH5_HUMAN 
2   O60337, MARH6_HUMAN 
2   Q9H992, MARH7_HUMAN 
2   Q5T0T0, MARH8_HUMAN 
2   Q86YJ5, MARH9_HUMAN 
2   Q8NA82, MARHA_HUMAN 
2    A6NNE9, MARHB_HUMAN 
2    Q00987, MDM2_HUMAN  
2   Q5U5Q3, MEX3C_HUMAN 
2   O60291, MGRN1_HUMAN 
2   Q86YT6, MIB1_HUMAN  
2    Q96AX9, MIB2_HUMAN  
2    Q9UHC7, MKRN1_HUMAN 
2   Q9H000, MKRN2_HUMAN 
2   Q13064, MKRN3_HUMAN 
2   Q13434, MKRN4_HUMAN 
2    Q969V5, MUL1_HUMAN  
2   O75592, MYCB2_HUMAN 
2   Q8WY64, MYLIP_HUMAN 
2   A8MQ27, NEU1B_HUMAN 
2   O76050, NEUL1_HUMAN 
2    Q96EH8, NEUL3_HUMAN 
2    Q6VVB1, NHLC1_HUMAN 
2   Q9Y314, NOSIP_HUMAN 
2   Q96FA3, PELI1_HUMAN 
2    Q9HAT8, PELI2_HUMAN 
2   Q8N2H9, PELI3_HUMAN 
2   Q8N2W9, PIAS4_HUMAN 
2   Q8NG27, PJA1_HUMAN  
2   O43164, PJA2_HUMAN  
2   Q13356, PPIL2_HUMAN 
2   Q9UMS4, PRP19_HUMAN 
2    Q9UPQ7, PZRN3_HUMAN 
2   Q9NS91, RAD18_HUMAN 
2    P15918, RAG1_HUMAN  
2    Q7Z6E9, RBBP6_HUMAN 
2   Q9HBD1, RC3H2_HUMAN 
2   Q8WZ73, RFFL_HUMAN  
2   Q8NHY2, RFWD2_HUMAN 
2   Q6PCD5, RFWD3_HUMAN 
2   Q06587, RING1_HUMAN 
2    Q99496, RING2_HUMAN 
2    O00237, RN103_HUMAN 
2    Q6ZNA4, RN111_HUMAN 
2   Q9Y508, RN114_HUMAN 
2   Q9Y4L5, RN115_HUMAN 
2    Q5XPI4, RN123_HUMAN 
2    Q96EQ8, RN125_HUMAN 
2   Q9BV68, RN126_HUMAN 
2   Q8TEB7, RN128_HUMAN 
2    Q8WVZ7, RN133_HUMAN 
2   Q8IUD6, RN135_HUMAN 
2   Q8WVD3, RN138_HUMAN 
2    Q8WU17, RN139_HUMAN 
2   Q9NTX7, RN146_HUMAN 
2   Q8NC42, RN149_HUMAN 
2   Q8N8N0, RN152_HUMAN 
2   Q6ZSG1, RN165_HUMAN 
2    Q9H6Y7, RN167_HUMAN 
2   Q8IYW5, RN168_HUMAN 
2    Q8NCN4, RN169_HUMAN 
2   Q96K19, RN170_HUMAN 
2   Q86T96, RN180_HUMAN 
2   Q9P0P0, RN181_HUMAN 
2   Q8N6D2, RN182_HUMAN 
2   Q96D59, RN183_HUMAN 
2   Q96GF1, RN185_HUMAN 
2    Q5TA31, RN187_HUMAN 
2    Q63HN8, RN213_HUMAN 
2   Q9NWF9, RN216_HUMAN 
2   Q5VTB9, RN220_HUMAN 
2   Q9NVW2, RNF12_HUMAN 
2   O43567, RNF13_HUMAN 
2    Q96BH1, RNF25_HUMAN 
2   Q9BY78, RNF26_HUMAN 
2   Q96EP0, RNF31_HUMAN 
2   Q969K3, RNF34_HUMAN 
2   O94941, RNF37_HUMAN 
2   Q9H0F5, RNF38_HUMAN 
2   Q9H4P4, RNF41_HUMAN 
2   Q68DV7, RNF43_HUMAN 
2   P78317, RNF4_HUMAN  
2   Q99942, RNF5_HUMAN  
2   Q9Y252, RNF6_HUMAN  
2   O76064, RNF8_HUMAN  
2   P19474, RO52_HUMAN  
2    Q7Z6J0, SH3R1_HUMAN 
2    Q8TEC5, SH3R2_HUMAN 
2   Q149N8, SHPRH_HUMAN 
2   Q8IUQ4, SIAH1_HUMAN 
2   O43255, SIAH2_HUMAN 
2   Q86TM6, SYVN1_HUMAN 
2    O15164, TIF1A_HUMAN 
2   Q13263, TIF1B_HUMAN 
2   A0AVI4, TM129_HUMAN 
2    Q9NS56, TOPRS_HUMAN 
2   Q12933, TRAF2_HUMAN 
2   Q13114, TRAF3_HUMAN 
2    Q9Y4K3, TRAF6_HUMAN 
2    Q6Q0C0, TRAF7_HUMAN 
2   Q9BWF2, TRAIP_HUMAN 
2   Q96F44, TRI11_HUMAN 
2   O60858, TRI13_HUMAN 
2    Q9Y577, TRI17_HUMAN 
2    O15344, TRI18_HUMAN 
2   Q8IYM9, TRI22_HUMAN 
2   P36406, TRI23_HUMAN 
2   Q14258, TRI25_HUMAN 
2    P14373, TRI27_HUMAN 
2   Q9BZY9, TRI31_HUMAN 
2   Q13049, TRI32_HUMAN 
2   Q9UPN9, TRI33_HUMAN 
2   Q9NQ86, TRI36_HUMAN 
2    O94972, TRI37_HUMAN 
2    O00635, TRI38_HUMAN 
2   Q9HCM9, TRI39_HUMAN 
2   Q8WV44, TRI41_HUMAN 
2   Q86XT4, TRI50_HUMAN 
2    Q9BRZ2, TRI56_HUMAN 
2   Q8NG06, TRI58_HUMAN 
2   Q9BVG3, TRI62_HUMAN 
2    Q969Q1, TRI63_HUMAN 
2    Q6AZZ1, TRI68_HUMAN 
2   Q86WT6, TRI69_HUMAN 
2   Q9UJV3, TRIM1_HUMAN 
2   Q9C040, TRIM2_HUMAN 
2   Q9C037, TRIM4_HUMAN 
2    Q9C035, TRIM5_HUMAN 
2    Q9C030, TRIM6_HUMAN 
2   Q9BZR9, TRIM8_HUMAN 
2    Q9C026, TRIM9_HUMAN 
2    Q8N9V2, TRIML_HUMAN 
2   Q8N7C3, TRIMM_HUMAN 
2    P53804, TTC3_HUMAN  
2   Q14139, UBE4A_HUMAN 
2   O95155, UBE4B_HUMAN 
2   Q8IWV7, UBR1_HUMAN  
2   Q8IWV8, UBR2_HUMAN  
2   Q6ZT12, UBR3_HUMAN  
2    Q5T4S7, UBR4_HUMAN  
2   Q8N806, UBR7_HUMAN  
2    Q96T88, UHRF1_HUMAN 
2   Q96PU4, UHRF2_HUMAN 
2   P98170, XIAP_HUMAN  
2   Q96JP5, ZFP91_HUMAN 
2   Q96PM5, ZN363_HUMAN 
2   Q86UK7, ZN598_HUMAN 
2    Q8N7E2, ZN645_HUMAN 
2   Q8ND25, ZNRF1_HUMAN 
2    Q8NHG8, ZNRF2_HUMAN 
2    Q9ULT6, ZNRF3_HUMAN 
2   Q8WWF5, ZNRF4_HUMAN 
2   Q8NEG5, ZSWM2_HUMAN 
2    O75390, CISY_HUMAN  
2   P53396, ACLY_HUMAN  
2   Q8N0X4, CLYBL_HUMAN 
2    Q01581, HMCS1_HUMAN 
2    P54868, HMCS2_HUMAN 
2    P11216, PYGB_HUMAN  
2    P06737, PYGL_HUMAN  
2   P11217, PYGM_HUMAN  
2    P13807, GYS1_HUMAN  
2   P54840, GYS2_HUMAN  
2   Q9HAW8, UD110_HUMAN 
2   P22309, UD11_HUMAN  
2   P35503, UD13_HUMAN  
2    P22310, UD14_HUMAN  
2   P35504, UD15_HUMAN  
2   P19224, UD16_HUMAN  
2    Q9HAW7, UD17_HUMAN  
2   Q9HAW9, UD18_HUMAN  
2   O60656, UD19_HUMAN  
2    Q9Y4X1, UD2A1_HUMAN 
2   Q6UWM9, UD2A3_HUMAN 
2   P06133, UD2B4_HUMAN 
2   P16662, UD2B7_HUMAN 
2   Q6NUS8, UD3A1_HUMAN 
2   Q3SY77, UD3A2_HUMAN 
2    P36537, UDB10_HUMAN 
2   O75310, UDB11_HUMAN 
2   P54855, UDB15_HUMAN 
2   O75795, UDB17_HUMAN 
2   Q9BY64, UDB28_HUMAN 
2   Q04446, GLGB_HUMAN  
2   P15291, B4GT1_HUMAN 
2   O60909, B4GT2_HUMAN 
2   P35573, GDE_HUMAN   
2    P16442, BGAT_HUMAN  
2   P15291, B4GT1_HUMAN 
2   O60909, B4GT2_HUMAN 
2    O60512, B4GT3_HUMAN 
2   P16442, BGAT_HUMAN  
2   Q10472, GALT1_HUMAN 
2   Q10471, GALT2_HUMAN 
2   Q14435, GALT3_HUMAN 
2   Q8N4A0, GALT4_HUMAN 
2    Q7Z7M9, GALT5_HUMAN 
2   Q8NCL4, GALT6_HUMAN 
2   Q9NY28, GALT8_HUMAN 
2    Q9HCQ5, GALT9_HUMAN 
2   Q86SR1, GLT10_HUMAN 
2   Q8NCW6, GLT11_HUMAN 
2    Q8IXK2, GLT12_HUMAN 
2    Q8IUC8, GLT13_HUMAN 
2    Q96FL9, GLT14_HUMAN 
2   Q8N3T1, GLT15_HUMAN 
2   Q8N428, GLT16_HUMAN 
2    Q6P9A2, GLT18_HUMAN 
2    Q6IS24, GLTL3_HUMAN 
2   Q49A17, GLTL6_HUMAN 
2    Q16880, CGT_HUMAN   
2   Q8NBJ5, GT251_HUMAN 
2    Q8IYK4, GT252_HUMAN 
2   O96024, B3GT4_HUMAN 
2   P21217, FUT3_HUMAN  
2   Q11128, FUT5_HUMAN  
2   P51993, FUT6_HUMAN  
2   Q9BYC5, FUT8_HUMAN  
2   Q10981, FUT2_HUMAN  
2    O75752, B3GL1_HUMAN 
2   Q16739, CEGT_HUMAN  
2   O60762, DPM1_HUMAN  
2   Q9Y5Z6, B3GT1_HUMAN 
2    O43825, B3GT2_HUMAN 
2    U3KPV4, A3LT2_HUMAN 
2   P15291, B4GT1_HUMAN 
2   O60909, B4GT2_HUMAN 
2    O60512, B4GT3_HUMAN 
2   O60513, B4GT4_HUMAN 
2    Q00973, B4GN1_HUMAN 
2   P26572, MGAT1_HUMAN 
2   Q02742, GCNT1_HUMAN 
2   O95395, GCNT3_HUMAN 
2   Q9P109, GCNT4_HUMAN 
2    Q9Y6A1, POMT1_HUMAN 
2   Q9UKY4, POMT2_HUMAN 
2   Q9Y673, ALG5_HUMAN  
2   Q9NS00, C1GLT_HUMAN 
2   Q2TAA5, ALG11_HUMAN 
2   Q9H553, ALG2_HUMAN  
2    Q9UBV7, B4GT7_HUMAN 
2    Q96L58, B3GT6_HUMAN 
2    Q9P2W7, B3GA1_HUMAN 
2   Q9NPZ5, B3GA2_HUMAN 
2    O94766, B3GA3_HUMAN 
2   Q9NP73, ALG13_HUMAN 
2    Q9BT22, ALG1_HUMAN  
2   Q10469, MGAT2_HUMAN 
2    Q09327, MGAT3_HUMAN 
2   Q9UM21, MGT4A_HUMAN 
2   Q9UQ53, MGT4B_HUMAN 
2   Q9UBM8, MGT4C_HUMAN 
2    Q9Y2A9, B3GN3_HUMAN 
2    Q6ZMB0, B3GN6_HUMAN 
2    Q9NY97, B3GN2_HUMAN 
2   Q9Y2A9, B3GN3_HUMAN 
2   Q9C0J1, B3GN4_HUMAN 
2   O95395, GCNT3_HUMAN 
2   Q8N0V5, GNT2A_HUMAN 
2   Q09328, MGT5A_HUMAN 
2   Q3V5L5, MGT5B_HUMAN 
2    Q8TDX6, CGAT1_HUMAN 
2   Q8N6G5, CGAT2_HUMAN 
2    Q86X52, CHSS1_HUMAN 
2   Q8IZ52, CHSS2_HUMAN 
2   Q70JA7, CHSS3_HUMAN 
2   O15488, GLYG2_HUMAN 
2   P46976, GLYG_HUMAN  
2   P37287, PIGA_HUMAN  
2   Q92535, PIGC_HUMAN  
2    Q14442, PIGH_HUMAN  
2    P57054, PIGP_HUMAN  
2    Q9BRB3, PIGQ_HUMAN  
2   Q9BYG0, B3GN5_HUMAN 
2   Q92839, HYAS1_HUMAN 
2   Q92819, HYAS2_HUMAN 
2   O00219, HYAS3_HUMAN 
2    Q9H488, OFUT1_HUMAN 
2    Q9Y2G5, OFUT2_HUMAN 
2   Q8NES3, LFNG_HUMAN  
2    O00587, MFNG_HUMAN  
2   Q9Y644, RFNG_HUMAN  
2   Q9UBQ6, EXTL2_HUMAN 
2   O43909, EXTL3_HUMAN 
2    Q16394, EXT1_HUMAN  
2   Q93063, EXT2_HUMAN  
2    Q92935, EXTL1_HUMAN 
2    Q16394, EXT1_HUMAN  
2   Q93063, EXT2_HUMAN  
2    Q9P2E5, CHPF2_HUMAN 
2   Q86X52, CHSS1_HUMAN 
2    Q8IZ52, CHSS2_HUMAN 
2   Q70JA7, CHSS3_HUMAN 
2   Q9NPC4, A4GAT_HUMAN 
2    Q6L9W6, B4GN3_HUMAN 
2   Q76KP1, B4GN4_HUMAN 
2   Q5NDL2, EOGT_HUMAN  
2   O15294, OGT1_HUMAN  
2    Q5BKT4, AG10A_HUMAN 
2   Q5I7T1, AG10B_HUMAN 
2   Q9H553, ALG2_HUMAN  
2   Q92685, ALG3_HUMAN  
2   Q9H6U8, ALG9_HUMAN  
2    Q9BV10, ALG12_HUMAN 
2   Q9H6U8, ALG9_HUMAN  
2   Q9BVK2, ALG8_HUMAN  
2   Q9Y672, ALG6_HUMAN  
2    Q9UBX8, B4GT6_HUMAN 
2   O60513, B4GT4_HUMAN 
2   P19526, FUT1_HUMAN  
2   Q10981, FUT2_HUMAN  
2   P00491, PNPH_HUMAN  
2   Q16831, UPP1_HUMAN  
2   O95045, UPP2_HUMAN  
2   P19971, TYPH_HUMAN  
2   P07741, APT_HUMAN   
2   P00492, HPRT_HUMAN  
2   P11172, UMPS_HUMAN  
2    P43490, NAMPT_HUMAN 
2   Q06203, PUR1_HUMAN  
2   Q15274, NADC_HUMAN  
2   Q8NBL1, PGLT1_HUMAN 
2   Q86Y38, XYLT1_HUMAN 
2   Q9H1B5, XYLT2_HUMAN 
2   Q13126, MTAP_HUMAN  
2    Q9BXR0, TGT_HUMAN   
2    Q53GL7, PAR10_HUMAN 
2   Q9NR21, PAR11_HUMAN 
2    Q9H0J9, PAR12_HUMAN 
2   Q460N5, PAR14_HUMAN 
2   Q460N3, PAR15_HUMAN 
2    Q8N5Y8, PAR16_HUMAN 
2   P09874, PARP1_HUMAN 
2    Q9UGN5, PARP2_HUMAN 
2   Q9Y6F1, PARP3_HUMAN 
2   Q9UKK3, PARP4_HUMAN 
2    Q2NL67, PARP6_HUMAN 
2    Q8N3A8, PARP8_HUMAN 
2   Q8IXQ6, PARP9_HUMAN 
2   Q7Z3E1, PARPT_HUMAN 
2    O95271, TNKS1_HUMAN 
2   Q9H2K2, TNKS2_HUMAN 
2    P52961, NAR1_HUMAN  
2   Q13508, NAR3_HUMAN  
2    Q93070, NAR4_HUMAN  
2   Q96L15, NAR5_HUMAN  
2   Q4G148, GXLT1_HUMAN 
2   A0PJZ3, GXLT2_HUMAN 
2    Q8NBI6, XXLT1_HUMAN 
2   P15907, SIAT1_HUMAN 
2   Q96JF0, SIAT2_HUMAN 
2   Q9NSC7, SIA7A_HUMAN 
2   Q11201, SIA4A_HUMAN 
2   Q16842, SIA4B_HUMAN 
2    Q11203, SIAT6_HUMAN 
2    Q9H4F1, SIA7D_HUMAN 
2   Q92185, SIA8A_HUMAN 
2   Q9UNP4, SIAT9_HUMAN 
2   P46977, STT3A_HUMAN 
2   Q8TCJ2, STT3B_HUMAN 
2    P28907, CD38_HUMAN  
2    P14324, FPPS_HUMAN  
2    O95749, GGPPS_HUMAN 
2    Q00266, METK1_HUMAN 
2    P31153, METK2_HUMAN 
2   P14324, FPPS_HUMAN  
2   O95749, GGPPS_HUMAN 
2   P19623, SPEE_HUMAN  
2    Q96EY8, MMAB_HUMAN  
2   P0CG29, GST2_HUMAN  
2   P08263, GSTA1_HUMAN 
2    P09210, GSTA2_HUMAN 
2   Q16772, GSTA3_HUMAN 
2   O15217, GSTA4_HUMAN 
2   Q7RTV2, GSTA5_HUMAN 
2    Q9Y2Q3, GSTK1_HUMAN 
2    P09488, GSTM1_HUMAN 
2   P28161, GSTM2_HUMAN 
2   P21266, GSTM3_HUMAN 
2   Q03013, GSTM4_HUMAN 
2   P46439, GSTM5_HUMAN 
2    P78417, GSTO1_HUMAN 
2    Q9H4Y5, GSTO2_HUMAN 
2   P09211, GSTP1_HUMAN 
2    P30711, GSTT1_HUMAN 
2   P0CG30, GSTT2_HUMAN 
2   O60760, HPGDS_HUMAN 
2   O43708, MAAI_HUMAN  
2   P10620, MGST1_HUMAN 
2   Q99735, MGST2_HUMAN 
2    O14880, MGST3_HUMAN 
2   P37268, FDFT_HUMAN  
2    P52788, SPSY_HUMAN  
2   O00116, ADAS_HUMAN  
2   O95749, GGPPS_HUMAN 
2   Q96H96, COQ2_HUMAN  
2    P49366, DHYS_HUMAN  
2   Q9NR45, SIAS_HUMAN  
2   Q9NR45, SIAS_HUMAN  
2   P49354, FNTA_HUMAN  
2   P49356, FNTB_HUMAN  
2   P49354, FNTA_HUMAN  
2   P53609, PGTB1_HUMAN 
2    Q92696, PGTA_HUMAN  
2    P53611, PGTB2_HUMAN 
2   P08397, HEM3_HUMAN  
2   Q9H3H1, MOD5_HUMAN  
2   Q86SQ9, DHDDS_HUMAN 
2    Q96E22, NGBR_HUMAN  
2    Q86YH6, DLP1_HUMAN  
2   Q5T2R2, DPS1_HUMAN  
2    Q9BZG8, DPH1_HUMAN  
2   Q9BQC3, DPH2_HUMAN  
2   Q53H54, TYW2_HUMAN  
2   P17174, AATC_HUMAN  
2   P00505, AATM_HUMAN  
2   P24298, ALAT1_HUMAN 
2   Q8TD30, ALAT2_HUMAN 
2    P17174, AATC_HUMAN  
2    P17735, ATTY_HUMAN  
2   Q8N5Z0, AADAT_HUMAN 
2   P00505, AATM_HUMAN  
2   Q16773, KAT1_HUMAN  
2   Q6YP21, KAT3_HUMAN  
2    P04181, OAT_HUMAN   
2   Q06210, GFPT1_HUMAN 
2    O94808, GFPT2_HUMAN 
2   P80404, GABT_HUMAN  
2   P80404, GABT_HUMAN  
2   Q8N5Z0, AADAT_HUMAN 
2   Q9BYV1, AGT2_HUMAN  
2   P54687, BCAT1_HUMAN 
2   O15382, BCAT2_HUMAN 
2   Q9BYV1, AGT2_HUMAN  
2   P21549, SPYA_HUMAN  
2   P21549, SPYA_HUMAN  
2   Q9Y617, SERC_HUMAN  
2   Q6YP21, KAT3_HUMAN  
2    Q16773, KAT1_HUMAN  
2    Q2TB90, HKDC1_HUMAN 
2   P19367, HXK1_HUMAN  
2    P52789, HXK2_HUMAN  
2    P52790, HXK3_HUMAN  
2    P35557, HXK4_HUMAN  
2    P50053, KHK_HUMAN   
2   P51570, GALK1_HUMAN 
2   P17858, PFKAL_HUMAN 
2   P08237, PFKAM_HUMAN 
2    Q01813, PFKAP_HUMAN 
2   Q5T6J7, GNTK_HUMAN  
2    Q9UHJ6, SHPK_HUMAN  
2   Q9H477, RBSK_HUMAN  
2   O75191, XYLB_HUMAN  
2   P55263, ADK_HUMAN   
2   P04183, KITH_HUMAN  
2   O00142, KITM_HUMAN  
2   Q9NWW6, NRK1_HUMAN  
2   Q9NPI5, NRK2_HUMAN  
2    O95544, NADK_HUMAN  
2   Q4G0N4, NAKD2_HUMAN 
2   Q13057, COASY_HUMAN 
2   O43252, PAPS1_HUMAN 
2   O95340, PAPS2_HUMAN 
2   Q969G6, RIFK_HUMAN  
2   Q3LXA3, TKFC_HUMAN  
2    Q3LXA3, TKFC_HUMAN  
2    Q14410, GLPK2_HUMAN 
2   Q14409, GLPK3_HUMAN 
2    Q6ZS86, GLPK5_HUMAN 
2    P32189, GLPK_HUMAN  
2    Q8IVS8, GLCTK_HUMAN 
2    P35790, CHKA_HUMAN  
2    Q9Y259, CHKB_HUMAN  
2   Q8TE04, PANK1_HUMAN 
2   Q9BZ23, PANK2_HUMAN 
2   Q9H999, PANK3_HUMAN 
2   Q9NVE7, PANK4_HUMAN 
2   O00764, PDXK_HUMAN  
2    Q03426, KIME_HUMAN  
2   P14618, KPYM_HUMAN  
2   P30613, KPYR_HUMAN  
2   Q9HA47, UCK1_HUMAN  
2   Q9BZX2, UCK2_HUMAN  
2    Q9NWZ5, UCKL1_HUMAN 
2   Q8N0W3, FUK_HUMAN   
2    Q9UJ70, NAGK_HUMAN  
2   Q9Y223, GLCNE_HUMAN 
2    Q9BTU6, P4K2A_HUMAN 
2   Q8TCG2, P4K2B_HUMAN 
2   P42356, PI4KA_HUMAN 
2   Q9UBF8, PI4KB_HUMAN 
2   Q99755, PI51A_HUMAN 
2    O14986, PI51B_HUMAN 
2    O60331, PI51C_HUMAN 
2   Q5T9C9, PI5L1_HUMAN 
2   P27707, DCK_HUMAN   
2    Q92989, CLP1_HUMAN  
2   Q96T60, PNKP_HUMAN  
2   A2RU49, HYKK_HUMAN  
2    P35790, CHKA_HUMAN  
2    Q9Y259, CHKB_HUMAN  
2   Q9HBU6, EKI1_HUMAN  
2   Q9NVF9, EKI2_HUMAN  
2   Q9NYA1, SPHK1_HUMAN 
2    Q9NRA0, SPHK2_HUMAN 
2   Q53H12, AGK_HUMAN   
2   P16118, F261_HUMAN  
2   O60825, F262_HUMAN  
2   Q16875, F263_HUMAN  
2   Q16877, F264_HUMAN  
2    Q6PCE3, PGM2L_HUMAN 
2   Q53H12, AGK_HUMAN   
2   P23743, DGKA_HUMAN  
2   Q9Y6T7, DGKB_HUMAN  
2   Q16760, DGKD_HUMAN  
2    P52429, DGKE_HUMAN  
2   P49619, DGKG_HUMAN  
2   Q86XP1, DGKH_HUMAN  
2    O75912, DGKI_HUMAN  
2   Q5KSL6, DGKK_HUMAN  
2   P52824, DGKQ_HUMAN  
2   Q13574, DGKZ_HUMAN  
2   Q9UPQ8, DOLK_HUMAN  
2   Q16854, DGUOK_HUMAN 
2    P23677, IP3KA_HUMAN 
2    P27987, IP3KB_HUMAN 
2   Q96DU7, IP3KC_HUMAN 
2   Q13572, ITPK1_HUMAN 
2   Q8NEB9, PK3C3_HUMAN 
2    Q8TCT0, CERK1_HUMAN 
2   Q9BRR6, ADPGK_HUMAN 
2   P48426, PI42A_HUMAN 
2   P78356, PI42B_HUMAN 
2   Q8TBX8, PI42C_HUMAN 
2   Q9Y2I7, FYV1_HUMAN  
2   Q8NFU5, IPMK_HUMAN  
2   P42336, PK3CA_HUMAN 
2   P42338, PK3CB_HUMAN 
2   O00329, PK3CD_HUMAN 
2    P48736, PK3CG_HUMAN 
2    O00443, P3C2A_HUMAN 
2    O00750, P3C2B_HUMAN 
2   O75747, P3C2G_HUMAN 
2    Q01415, GALK2_HUMAN 
2    Q9H8X2, IPPK_HUMAN  
2   Q13572, ITPK1_HUMAN 
2   Q86TN4, TRPT1_HUMAN 
2    Q8IV42, PSTK_HUMAN  
2   Q9NWW6, NRK1_HUMAN  
2    Q9NPI5, NRK2_HUMAN  
2   Q9H5K3, SG196_HUMAN 
2    P00558, PGK1_HUMAN  
2    P07205, PGK2_HUMAN  
2    P54886, P5CS_HUMAN  
2    P12277, KCRB_HUMAN  
2   P06732, KCRM_HUMAN  
2   P17540, KCRS_HUMAN  
2    P12532, KCRU_HUMAN  
2   Q15126, PMVK_HUMAN  
2   P00568, KAD1_HUMAN  
2   P54819, KAD2_HUMAN  
2    Q9Y6K8, KAD5_HUMAN  
2   Q9Y3D8, KAD6_HUMAN  
2    Q96M32, KAD7_HUMAN  
2   Q96MA6, KAD8_HUMAN  
2    Q5TCS8, KAD9_HUMAN  
2    Q5EBM0, CMPK2_HUMAN 
2   P00568, KAD1_HUMAN  
2    P27144, KAD4_HUMAN  
2   Q9Y6K8, KAD5_HUMAN  
2   Q96M32, KAD7_HUMAN  
2   Q96MA6, KAD8_HUMAN  
2   Q5TCS8, KAD9_HUMAN  
2    P30085, KCY_HUMAN   
2    Q13232, NDK3_HUMAN  
2   O75414, NDK6_HUMAN  
2    Q9Y5B8, NDK7_HUMAN  
2    O60361, NDK8_HUMAN  
2    P15531, NDKA_HUMAN  
2   P22392, NDKB_HUMAN  
2   O00746, NDKM_HUMAN  
2   Q16774, KGUA_HUMAN  
2   P23919, KTHY_HUMAN  
2   Q9UIJ7, KAD3_HUMAN  
2   P27144, KAD4_HUMAN  
2    Q5EBM0, CMPK2_HUMAN 
2    P30085, KCY_HUMAN   
2    Q92551, IP6K1_HUMAN 
2    Q9UHH9, IP6K2_HUMAN 
2   Q96PC2, IP6K3_HUMAN 
2   Q6PFW1, VIP1_HUMAN  
2    O43314, VIP2_HUMAN  
2   Q6PFW1, VIP1_HUMAN  
2   O43314, VIP2_HUMAN  
2    P60891, PRPS1_HUMAN 
2    P11908, PRPS2_HUMAN 
2   P21108, PRPS3_HUMAN 
2    Q9H3S4, TPK1_HUMAN  
2    Q9HAN9, NMNA1_HUMAN 
2   Q9BZQ4, NMNA2_HUMAN 
2   Q96T66, NMNA3_HUMAN 
2    Q8NFF5, FAD1_HUMAN  
2   Q13057, COASY_HUMAN 
2   O43252, PAPS1_HUMAN 
2   O95340, PAPS2_HUMAN 
2   O95602, RPA1_HUMAN  
2   Q9H9Y6, RPA2_HUMAN  
2   P24928, RPB1_HUMAN  
2    P30876, RPB2_HUMAN  
2    O14802, RPC1_HUMAN  
2   Q9NW08, RPC2_HUMAN  
2   O00411, RPOM_HUMAN  
2   P28340, DPOD1_HUMAN 
2   Q07864, DPOE1_HUMAN 
2    P56282, DPOE2_HUMAN 
2   Q9NRF9, DPOE3_HUMAN 
2    Q9NR33, DPOE4_HUMAN 
2   P54098, DPOG1_HUMAN 
2    Q9UHN1, DPOG2_HUMAN 
2   P09884, DPOLA_HUMAN 
2   P06746, DPOLB_HUMAN 
2    Q9UGP5, DPOLL_HUMAN 
2   Q9NP87, DPOLM_HUMAN 
2   Q7Z5Q5, DPOLN_HUMAN 
2   O75417, DPOLQ_HUMAN 
2   P63128, POK9_HUMAN  
2    Q9Y253, POLH_HUMAN  
2   Q9UNA4, POLI_HUMAN  
2   Q9UBT6, POLK_HUMAN  
2   O60673, REV3L_HUMAN 
2   Q8TCS8, PNPT1_HUMAN 
2   Q16851, UGPA_HUMAN  
2   P07902, GALT_HUMAN  
2   Q9Y5P6, GMPPB_HUMAN 
2   Q99447, PCY2_HUMAN  
2    P49585, PCY1A_HUMAN 
2    Q9Y5K3, PCY1B_HUMAN 
2   Q9HAN9, NMNA1_HUMAN 
2   Q9BZQ4, NMNA2_HUMAN 
2    Q96T66, NMNA3_HUMAN 
2    Q6PIY7, GLD2_HUMAN  
2   Q9NVV4, PAPD1_HUMAN 
2   Q8NDF8, PAPD5_HUMAN 
2    Q5XG87, PAPD7_HUMAN 
2    P51003, PAPOA_HUMAN 
2   Q9NRJ5, PAPOB_HUMAN 
2   Q9BWT3, PAPOG_HUMAN 
2    Q9H6E5, STPAP_HUMAN 
2   Q16222, UAP1_HUMAN  
2   O14772, FPGT_HUMAN  
2   P04053, TDT_HUMAN   
2   Q92903, CDS1_HUMAN  
2    O95674, CDS2_HUMAN  
2   Q96BW9, TAM41_HUMAN 
2    Q8NFW8, NEUA_HUMAN  
2   P24928, RPB1_HUMAN  
2   O00370, LORF2_HUMAN 
2    P63132, PO113_HUMAN 
2   P10266, POK10_HUMAN 
2   Q9UQG0, POK11_HUMAN 
2    Q9QC07, POK18_HUMAN 
2   Q9WJR5, POK19_HUMAN 
2   P63136, POK25_HUMAN 
2    Q9BXR3, POK6_HUMAN  
2   P63135, POK7_HUMAN  
2   P63133, POK8_HUMAN  
2    P63128, POK9_HUMAN  
2   O14746, TERT_HUMAN  
2   O60942, MCE1_HUMAN  
2   Q9H6E5, STPAP_HUMAN 
2    Q5TAX3, TUT4_HUMAN  
2   Q5VYS8, TUT7_HUMAN  
2   Q96Q11, TRNT1_HUMAN 
2   Q9NQX3, GEPH_HUMAN  
2    Q6ZNW5, GDPP1_HUMAN 
2   Q9NWX6, THG1_HUMAN  
2    O95396, MOCS3_HUMAN 
2   Q16222, UAP1_HUMAN  
2   P00973, OAS1_HUMAN  
2   P29728, OAS2_HUMAN  
2   Q9Y6K5, OAS3_HUMAN  
2   Q8N884, CGAS_HUMAN  
2    Q9UKK9, NUDT5_HUMAN 
2   Q9BVA6, FICD_HUMAN  
2    Q9Y6K0, CEPT1_HUMAN 
2    Q9C0D9, EPT1_HUMAN  
2    Q9Y6K0, CEPT1_HUMAN 
2   Q8WUD6, CHPT1_HUMAN 
2   Q32NB8, PGPS1_HUMAN 
2    O14735, CDIPT_HUMAN 
2   Q9H3H5, GPT_HUMAN   
2   Q3T906, GNPTA_HUMAN 
2    Q86VZ5, SMS1_HUMAN  
2   Q8NHU3, SMS2_HUMAN  
2   P48651, PTSS1_HUMAN 
2   Q9BVG9, PTSS2_HUMAN 
2   Q9UJA2, CRLS1_HUMAN 
2   P49903, SPS1_HUMAN  
2   Q99611, SPS2_HUMAN  
2    Q9UM73, ALK_HUMAN   
2   P07333, CSF1R_HUMAN 
2   Q08345, DDR1_HUMAN  
2   Q16832, DDR2_HUMAN  
2   P00533, EGFR_HUMAN  
2   P21709, EPHA1_HUMAN 
2   P29317, EPHA2_HUMAN 
2    P29320, EPHA3_HUMAN 
2   P54764, EPHA4_HUMAN 
2   P54756, EPHA5_HUMAN 
2   Q9UF33, EPHA6_HUMAN 
2   Q15375, EPHA7_HUMAN 
2   P29322, EPHA8_HUMAN 
2   Q5JZY3, EPHAA_HUMAN 
2   P54762, EPHB1_HUMAN 
2   P29323, EPHB2_HUMAN 
2   P54753, EPHB3_HUMAN 
2   P54760, EPHB4_HUMAN 
2    P04626, ERBB2_HUMAN 
2   P21860, ERBB3_HUMAN 
2   Q15303, ERBB4_HUMAN 
2   P11362, FGFR1_HUMAN 
2   P21802, FGFR2_HUMAN 
2    P22607, FGFR3_HUMAN 
2    P22455, FGFR4_HUMAN 
2   P36888, FLT3_HUMAN  
2   P08069, IGF1R_HUMAN 
2    P14616, INSRR_HUMAN 
2    P06213, INSR_HUMAN  
2   P10721, KIT_HUMAN   
2   P29376, LTK_HUMAN   
2    Q12866, MERTK_HUMAN 
2   P08581, MET_HUMAN   
2    O15146, MUSK_HUMAN  
2   P04629, NTRK1_HUMAN 
2   Q16620, NTRK2_HUMAN 
2    Q16288, NTRK3_HUMAN 
2   P16234, PGFRA_HUMAN 
2   P09619, PGFRB_HUMAN 
2   P07949, RET_HUMAN   
2   Q04912, RON_HUMAN   
2   Q01974, ROR2_HUMAN  
2   P08922, ROS1_HUMAN  
2   P34925, RYK_HUMAN   
2   P35590, TIE1_HUMAN  
2   Q02763, TIE2_HUMAN  
2    Q06418, TYRO3_HUMAN 
2   P30530, UFO_HUMAN   
2   P17948, VGFR1_HUMAN 
2   P35968, VGFR2_HUMAN 
2    P35916, VGFR3_HUMAN 
2   P00519, ABL1_HUMAN  
2    P42684, ABL2_HUMAN  
2   Q07912, ACK1_HUMAN  
2    Q9UIG0, BAZ1B_HUMAN 
2    P51451, BLK_HUMAN   
2   P51813, BMX_HUMAN   
2    Q06187, BTK_HUMAN   
2    P41240, CSK_HUMAN   
2    P19525, E2AK2_HUMAN 
2   Q05397, FAK1_HUMAN  
2   Q14289, FAK2_HUMAN  
2   P16591, FER_HUMAN   
2   P07332, FES_HUMAN   
2   P09769, FGR_HUMAN   
2   P42685, FRK_HUMAN   
2   P06241, FYN_HUMAN   
2   P08631, HCK_HUMAN   
2   Q08881, ITK_HUMAN   
2   P23458, JAK1_HUMAN  
2   O60674, JAK2_HUMAN  
2   P52333, JAK3_HUMAN  
2    Q05655, KPCD_HUMAN  
2    P43405, KSYK_HUMAN  
2    P06239, LCK_HUMAN   
2   P07948, LYN_HUMAN   
2   P42679, MATK_HUMAN  
2   Q14680, MELK_HUMAN  
2   Q9H792, PEAK1_HUMAN 
2    Q504Y2, PKDCC_HUMAN 
2    Q86YV5, PRAG1_HUMAN 
2   Q13882, PTK6_HUMAN  
2    O43353, RIPK2_HUMAN 
2   P12931, SRC_HUMAN   
2   Q9H3Y6, SRMS_HUMAN  
2    O75716, STK16_HUMAN 
2   Q6J9G0, STYK1_HUMAN 
2    P42680, TEC_HUMAN   
2   Q13470, TNK1_HUMAN  
2   P42681, TXK_HUMAN   
2    P29597, TYK2_HUMAN  
2   P30291, WEE1_HUMAN  
2   P0C1S8, WEE2_HUMAN  
2   P07947, YES_HUMAN   
2    P43403, ZAP70_HUMAN 
2   Q2M2I8, AAK1_HUMAN  
2   Q13131, AAPK1_HUMAN 
2   P54646, AAPK2_HUMAN 
2   Q07912, ACK1_HUMAN  
2   P31749, AKT1_HUMAN  
2   P31751, AKT2_HUMAN  
2   Q9Y243, AKT3_HUMAN  
2   Q8NFD2, ANKK1_HUMAN 
2   P10398, ARAF_HUMAN  
2   Q13315, ATM_HUMAN   
2    Q13535, ATR_HUMAN   
2    O14965, AURKA_HUMAN 
2   Q96GD4, AURKB_HUMAN 
2    Q9UQB9, AURKC_HUMAN 
2    P11274, BCR_HUMAN   
2   Q9NSY1, BMP2K_HUMAN 
2   P15056, BRAF_HUMAN  
2   Q8TDC3, BRSK1_HUMAN 
2   Q8IWQ3, BRSK2_HUMAN 
2   O60566, BUB1B_HUMAN 
2   O43683, BUB1_HUMAN  
2   P33076, C2TA_HUMAN  
2    O00311, CDC7_HUMAN  
2   Q00535, CDK5_HUMAN  
2   O14757, CHK1_HUMAN  
2   O96017, CHK2_HUMAN  
2   P68400, CSK21_HUMAN 
2   P19784, CSK22_HUMAN 
2    Q8NEV1, CSK23_HUMAN 
2    O14936, CSKP_HUMAN  
2   O14578, CTRO_HUMAN  
2   P53355, DAPK1_HUMAN 
2   Q9UIK4, DAPK2_HUMAN 
2    O43293, DAPK3_HUMAN 
2   Q9Y4B6, DCAF1_HUMAN 
2   O15075, DCLK1_HUMAN 
2   Q8N568, DCLK2_HUMAN 
2   Q9C098, DCLK3_HUMAN 
2   Q09013, DMPK_HUMAN  
2   Q9BQI3, E2AK1_HUMAN 
2   P19525, E2AK2_HUMAN 
2    Q9NZJ5, E2AK3_HUMAN 
2    Q9P2K8, E2AK4_HUMAN 
2   O75460, ERN1_HUMAN  
2    Q76MJ5, ERN2_HUMAN  
2   Q8IXL6, FA20C_HUMAN 
2   O14976, GAK_HUMAN   
2   P49840, GSK3A_HUMAN 
2   P49841, GSK3B_HUMAN 
2    Q96GX5, GWL_HUMAN   
2    Q8TF76, HASP_HUMAN  
2   Q86Z02, HIPK1_HUMAN 
2   Q9H2X6, HIPK2_HUMAN 
2   Q9H422, HIPK3_HUMAN 
2   Q8NE63, HIPK4_HUMAN 
2    P57058, HUNK_HUMAN  
2   Q9UPZ9, ICK_HUMAN   
2   Q13418, ILK_HUMAN   
2   P51617, IRAK1_HUMAN 
2    Q9Y616, IRAK3_HUMAN 
2    Q9NWZ3, IRAK4_HUMAN 
2    O60229, KALRN_HUMAN 
2    Q8N752, KC1AL_HUMAN 
2   P48729, KC1A_HUMAN  
2   P48730, KC1D_HUMAN  
2    P49674, KC1E_HUMAN  
2   Q9HCP0, KC1G1_HUMAN 
2   P78368, KC1G2_HUMAN 
2   Q9Y6M4, KC1G3_HUMAN 
2    P11801, KPSH1_HUMAN 
2    Q96QS6, KPSH2_HUMAN 
2   Q15418, KS6A1_HUMAN 
2   Q15349, KS6A2_HUMAN 
2   P51812, KS6A3_HUMAN 
2    O75676, KS6A4_HUMAN 
2    O75582, KS6A5_HUMAN 
2   Q9UK32, KS6A6_HUMAN 
2   P23443, KS6B1_HUMAN 
2   Q9UBS0, KS6B2_HUMAN 
2   Q96S38, KS6C1_HUMAN 
2    Q6VAB6, KSR2_HUMAN  
2   O95835, LATS1_HUMAN 
2   Q9NRM7, LATS2_HUMAN 
2   P53667, LIMK1_HUMAN 
2   P53671, LIMK2_HUMAN 
2   Q6ZMQ8, LMTK1_HUMAN 
2   Q8IWU2, LMTK2_HUMAN 
2    Q96Q04, LMTK3_HUMAN 
2   Q38SD2, LRRK1_HUMAN 
2   Q5S007, LRRK2_HUMAN 
2   Q56UN5, M3K19_HUMAN 
2   Q92918, M4K1_HUMAN  
2    Q12851, M4K2_HUMAN  
2   Q8IVH8, M4K3_HUMAN  
2   O95819, M4K4_HUMAN  
2   Q9Y4K4, M4K5_HUMAN  
2   P20794, MAK_HUMAN   
2   P49137, MAPK2_HUMAN 
2   Q16644, MAPK3_HUMAN 
2   Q8IW41, MAPK5_HUMAN 
2   Q9P0L2, MARK1_HUMAN 
2   Q7KZI7, MARK2_HUMAN 
2   P27448, MARK3_HUMAN 
2   Q96L34, MARK4_HUMAN 
2    Q9Y2H9, MAST1_HUMAN 
2    Q6P0Q8, MAST2_HUMAN 
2   O60307, MAST3_HUMAN 
2   O15021, MAST4_HUMAN 
2   Q14680, MELK_HUMAN  
2   Q8N4C8, MINK1_HUMAN 
2   Q9BUB5, MKNK1_HUMAN 
2   Q9HBH9, MKNK2_HUMAN 
2    P00540, MOS_HUMAN   
2    Q5VT25, MRCKA_HUMAN 
2    Q9Y5S2, MRCKB_HUMAN 
2    Q6DT37, MRCKG_HUMAN 
2   P42345, MTOR_HUMAN  
2   Q86YV6, MYLK4_HUMAN 
2   Q8NEV4, MYO3A_HUMAN 
2    Q8WXR4, MYO3B_HUMAN 
2   Q6ZWH5, NEK10_HUMAN 
2   Q8NG66, NEK11_HUMAN 
2    Q96PY6, NEK1_HUMAN  
2   P51955, NEK2_HUMAN  
2   P51956, NEK3_HUMAN  
2    P51957, NEK4_HUMAN  
2   Q6P3R8, NEK5_HUMAN  
2   Q9HC98, NEK6_HUMAN  
2   Q8TDX7, NEK7_HUMAN  
2    Q86SG6, NEK8_HUMAN  
2    Q8TD19, NEK9_HUMAN  
2   Q8IY84, NIM1_HUMAN  
2   Q7Z2Y5, NRK_HUMAN   
2    O60285, NUAK1_HUMAN 
2   Q9H093, NUAK2_HUMAN 
2   Q5VST9, OBSCN_HUMAN 
2   O95747, OXSR1_HUMAN 
2    Q13153, PAK1_HUMAN  
2    Q13177, PAK2_HUMAN  
2   O75914, PAK3_HUMAN  
2   O96013, PAK4_HUMAN  
2    Q9P286, PAK5_HUMAN  
2    Q9NQU5, PAK6_HUMAN  
2   Q96RG2, PASK_HUMAN  
2    Q8N165, PDK1L_HUMAN 
2    O15530, PDPK1_HUMAN 
2   Q6A1A2, PDPK2_HUMAN 
2   Q16816, PHKG1_HUMAN 
2   Q99570, PI3R4_HUMAN 
2    P11309, PIM1_HUMAN  
2   Q9P1W9, PIM2_HUMAN  
2   Q86V86, PIM3_HUMAN  
2    Q9BXM7, PINK1_HUMAN 
2    P42336, PK3CA_HUMAN 
2    P48736, PK3CG_HUMAN 
2   Q99640, PMYT1_HUMAN 
2    P78527, PRKDC_HUMAN 
2    P51817, PRKX_HUMAN  
2   O43930, PRKY_HUMAN  
2   Q13523, PRP4B_HUMAN 
2   Q96S44, PRPK_HUMAN  
2   P04049, RAF1_HUMAN  
2    Q9BRS2, RIOK1_HUMAN 
2    Q9BVS4, RIOK2_HUMAN 
2   O14730, RIOK3_HUMAN 
2    Q13546, RIPK1_HUMAN 
2    O43353, RIPK2_HUMAN 
2   Q9Y572, RIPK3_HUMAN 
2   P57078, RIPK4_HUMAN 
2   Q13464, ROCK1_HUMAN 
2   O75116, ROCK2_HUMAN 
2   Q9Y6S9, RPKL1_HUMAN 
2   Q52WX2, SBK1_HUMAN  
2   P0C263, SBK2_HUMAN  
2   P0C264, SBK3_HUMAN  
2   Q96LW2, SG494_HUMAN 
2    O00141, SGK1_HUMAN  
2    Q9HBY8, SGK2_HUMAN  
2    Q96BR1, SGK3_HUMAN  
2    P57059, SIK1_HUMAN  
2   Q9H0K1, SIK2_HUMAN  
2   Q9Y2K2, SIK3_HUMAN  
2   Q9H2G2, SLK_HUMAN   
2   Q96Q15, SMG1_HUMAN  
2   Q9NRH2, SNRK_HUMAN  
2    Q15772, SPEG_HUMAN  
2   Q96SB4, SRPK1_HUMAN 
2   P78362, SRPK2_HUMAN 
2    Q9UPE1, SRPK3_HUMAN 
2    Q9UEE5, ST17A_HUMAN 
2   O94768, ST17B_HUMAN 
2   Q8WU08, ST32A_HUMAN 
2   Q9NY57, ST32B_HUMAN 
2    Q86UX6, ST32C_HUMAN 
2   Q9Y2H1, ST38L_HUMAN 
2    O94804, STK10_HUMAN 
2   Q15831, STK11_HUMAN 
2   O75716, STK16_HUMAN 
2    P49842, STK19_HUMAN 
2   Q9Y6E0, STK24_HUMAN 
2    O00506, STK25_HUMAN 
2   Q9P289, STK26_HUMAN 
2   Q9BXU1, STK31_HUMAN 
2   Q9BYT3, STK33_HUMAN 
2    Q8TDR2, STK35_HUMAN 
2   Q9NRP7, STK36_HUMAN 
2    Q15208, STK38_HUMAN 
2    Q9UEW8, STK39_HUMAN 
2   Q13188, STK3_HUMAN  
2   Q8N2I9, STK40_HUMAN 
2   Q13043, STK4_HUMAN  
2    P21675, TAF1_HUMAN  
2   Q7L7X3, TAOK1_HUMAN 
2   Q9UL54, TAOK2_HUMAN 
2   Q9H2K8, TAOK3_HUMAN 
2   Q9UHD2, TBK1_HUMAN  
2   Q8WZ42, TITIN_HUMAN 
2    Q9UKI8, TLK1_HUMAN  
2    Q86UE8, TLK2_HUMAN  
2   Q59H18, TNI3K_HUMAN 
2   Q9UKE5, TNIK_HUMAN  
2   O75962, TRIO_HUMAN  
2   Q9BX84, TRPM6_HUMAN 
2    Q96QT4, TRPM7_HUMAN 
2   Q9BXA7, TSSK1_HUMAN 
2   Q96PF2, TSSK2_HUMAN 
2    Q96PN8, TSSK3_HUMAN 
2   Q6SA08, TSSK4_HUMAN 
2   Q9BXA6, TSSK6_HUMAN 
2   Q5TCY1, TTBK1_HUMAN 
2   Q6IQ55, TTBK2_HUMAN 
2   Q8TAS1, UHMK1_HUMAN 
2   O75385, ULK1_HUMAN  
2   Q8IYT8, ULK2_HUMAN  
2   Q6PHR2, ULK3_HUMAN  
2   Q96C45, ULK4_HUMAN  
2   Q99986, VRK1_HUMAN  
2   Q86Y07, VRK2_HUMAN  
2   Q9H4A3, WNK1_HUMAN  
2    Q9Y3S1, WNK2_HUMAN  
2   Q9BYP7, WNK3_HUMAN  
2   Q96J92, WNK4_HUMAN  
2   Q15118, PDK1_HUMAN  
2   Q15119, PDK2_HUMAN  
2    Q15120, PDK3_HUMAN  
2   Q16654, PDK4_HUMAN  
2   O14874, BCKD_HUMAN  
2    Q14296, FASTK_HUMAN 
2    O15111, IKKA_HUMAN  
2    O14920, IKKB_HUMAN  
2    Q14164, IKKE_HUMAN  
2   P17612, KAPCA_HUMAN 
2   P22694, KAPCB_HUMAN 
2    P22612, KAPCG_HUMAN 
2   Q13976, KGP1_HUMAN  
2    Q13237, KGP2_HUMAN  
2    P17252, KPCA_HUMAN  
2    P05771, KPCB_HUMAN  
2    Q15139, KPCD1_HUMAN 
2    Q9BZL6, KPCD2_HUMAN 
2    O94806, KPCD3_HUMAN 
2    Q05655, KPCD_HUMAN  
2    Q02156, KPCE_HUMAN  
2   P05129, KPCG_HUMAN  
2   P41743, KPCI_HUMAN  
2    P24723, KPCL_HUMAN  
2    Q04759, KPCT_HUMAN  
2    Q05513, KPCZ_HUMAN  
2   Q16512, PKN1_HUMAN  
2   Q16513, PKN2_HUMAN  
2   Q6P5Z2, PKN3_HUMAN  
2   Q8WTQ7, GRK7_HUMAN  
2    Q15835, RK_HUMAN    
2   P25098, ARBK1_HUMAN 
2   P35626, ARBK2_HUMAN 
2   P32298, GRK4_HUMAN  
2    P34947, GRK5_HUMAN  
2    P43250, GRK6_HUMAN  
2   Q14012, KCC1A_HUMAN 
2   Q6P2M8, KCC1B_HUMAN 
2   Q8IU85, KCC1D_HUMAN 
2   Q96NX5, KCC1G_HUMAN 
2   Q9UQM7, KCC2A_HUMAN 
2   Q13554, KCC2B_HUMAN 
2   Q13557, KCC2D_HUMAN 
2   Q13555, KCC2G_HUMAN 
2   Q16566, KCC4_HUMAN  
2   Q8N5S9, KKCC1_HUMAN 
2   Q96RR4, KKCC2_HUMAN 
2   Q9H1R3, MYLK2_HUMAN 
2    Q32MK0, MYLK3_HUMAN 
2   Q15746, MYLK_HUMAN  
2    Q16816, PHKG1_HUMAN 
2   P15735, PHKG2_HUMAN 
2   O00418, EF2K_HUMAN  
2   P53350, PLK1_HUMAN  
2   Q9NYY3, PLK2_HUMAN  
2   Q9H4B4, PLK3_HUMAN  
2   O00444, PLK4_HUMAN  
2   Q9UQ88, CD11A_HUMAN 
2   P21127, CD11B_HUMAN 
2    Q15131, CDK10_HUMAN 
2   Q9NYV4, CDK12_HUMAN 
2   Q14004, CDK13_HUMAN 
2   O94921, CDK14_HUMAN 
2    Q96Q40, CDK15_HUMAN 
2   Q00536, CDK16_HUMAN 
2    Q00537, CDK17_HUMAN 
2    Q07002, CDK18_HUMAN 
2    Q9BWU1, CDK19_HUMAN 
2    P06493, CDK1_HUMAN  
2    Q8IZL9, CDK20_HUMAN 
2   P24941, CDK2_HUMAN  
2   Q00526, CDK3_HUMAN  
2   P11802, CDK4_HUMAN  
2   Q00534, CDK6_HUMAN  
2   P50613, CDK7_HUMAN  
2   P49336, CDK8_HUMAN  
2   P50750, CDK9_HUMAN  
2   Q00532, CDKL1_HUMAN 
2   Q92772, CDKL2_HUMAN 
2   Q8IVW4, CDKL3_HUMAN 
2   Q5MAI5, CDKL4_HUMAN 
2   O76039, CDKL5_HUMAN 
2   Q9UQ07, MOK_HUMAN   
2   Q9NYV4, CDK12_HUMAN 
2    Q14004, CDK13_HUMAN 
2   P06493, CDK1_HUMAN  
2    P50613, CDK7_HUMAN  
2   P49336, CDK8_HUMAN  
2   P50750, CDK9_HUMAN  
2   P28482, MK01_HUMAN  
2    P27361, MK03_HUMAN  
2    P31152, MK04_HUMAN  
2   Q16659, MK06_HUMAN  
2    Q13164, MK07_HUMAN  
2    P45983, MK08_HUMAN  
2   P45984, MK09_HUMAN  
2   P53779, MK10_HUMAN  
2   Q15759, MK11_HUMAN  
2   P53778, MK12_HUMAN  
2    O15264, MK13_HUMAN  
2    Q16539, MK14_HUMAN  
2   Q8TD08, MK15_HUMAN  
2   Q9UBE8, NLK_HUMAN   
2    Q02779, M3K10_HUMAN 
2    Q16584, M3K11_HUMAN 
2    Q12852, M3K12_HUMAN 
2   O43283, M3K13_HUMAN 
2   Q99558, M3K14_HUMAN 
2    Q6ZN16, M3K15_HUMAN 
2   Q13233, M3K1_HUMAN  
2   Q9NYL2, M3K20_HUMAN 
2   Q5TCX8, M3K21_HUMAN 
2   Q9Y2U5, M3K2_HUMAN  
2   Q99759, M3K3_HUMAN  
2   Q9Y6R4, M3K4_HUMAN  
2   Q99683, M3K5_HUMAN  
2    O95382, M3K6_HUMAN  
2   O43318, M3K7_HUMAN  
2    P41279, M3K8_HUMAN  
2    P80192, M3K9_HUMAN  
2    Q13131, AAPK1_HUMAN 
2   Q8TDC3, BRSK1_HUMAN 
2   Q8IWQ3, BRSK2_HUMAN 
2    P49840, GSK3A_HUMAN 
2    P49841, GSK3B_HUMAN 
2   P48730, KC1D_HUMAN  
2    Q9P0L2, MARK1_HUMAN 
2    Q7KZI7, MARK2_HUMAN 
2    Q16816, PHKG1_HUMAN 
2    Q13131, AAPK1_HUMAN 
2   P54646, AAPK2_HUMAN 
2    P36896, ACV1B_HUMAN 
2    Q8NER5, ACV1C_HUMAN 
2    P37023, ACVL1_HUMAN 
2    Q04771, ACVR1_HUMAN 
2    Q16671, AMHR2_HUMAN 
2    P27037, AVR2A_HUMAN 
2   Q13705, AVR2B_HUMAN 
2    Q13873, BMPR2_HUMAN 
2   P36894, BMR1A_HUMAN 
2    O00238, BMR1B_HUMAN 
2    P36897, TGFR1_HUMAN 
2   P37173, TGFR2_HUMAN 
2    Q13131, AAPK1_HUMAN 
2   P54646, AAPK2_HUMAN 
2    P49759, CLK1_HUMAN  
2   P49760, CLK2_HUMAN  
2   P49761, CLK3_HUMAN  
2   Q9HAZ1, CLK4_HUMAN  
2   Q6XUX3, DUSTY_HUMAN 
2    Q13627, DYR1A_HUMAN 
2   Q9Y463, DYR1B_HUMAN 
2   Q92630, DYRK2_HUMAN 
2   O43781, DYRK3_HUMAN 
2   Q9NR20, DYRK4_HUMAN 
2    Q15569, TESK1_HUMAN 
2    Q96S53, TESK2_HUMAN 
2   P33981, TTK_HUMAN   
2   Q02750, MP2K1_HUMAN 
2   P36507, MP2K2_HUMAN 
2    P46734, MP2K3_HUMAN 
2    P45985, MP2K4_HUMAN 
2   Q13163, MP2K5_HUMAN 
2   P52564, MP2K6_HUMAN 
2    O14733, MP2K7_HUMAN 
2   Q96KB5, TOPK_HUMAN  
2    P22392, NDKB_HUMAN  
2   Q16762, THTR_HUMAN  
2   P25325, THTM_HUMAN  
2   Q9Y697, NFS1_HUMAN  
2    O43766, LIAS_HUMAN  
2   Q96EN8, MOCOS_HUMAN 
2    O95396, MOCS3_HUMAN 
2    O96007, MOC2B_HUMAN 
2   O75648, MTU1_HUMAN  
2   P50225, ST1A1_HUMAN 
2    P50226, ST1A2_HUMAN 
2   P0DMM9, ST1A3_HUMAN 
2   P0DMN0, ST1A4_HUMAN 
2    Q6IMI6, ST1C3_HUMAN 
2   O00204, ST2B1_HUMAN 
2   P49888, ST1E1_HUMAN 
2   Q9NPF2, CHSTB_HUMAN 
2   Q9NRB3, CHSTC_HUMAN 
2   Q8NET6, CHSTD_HUMAN 
2    P52848, NDST1_HUMAN 
2    P52849, NDST2_HUMAN 
2   O95803, NDST3_HUMAN 
2   Q9H3R1, NDST4_HUMAN 
2   Q99999, G3ST1_HUMAN 
2    Q06520, ST2A1_HUMAN 
2   Q7LGC8, CHST3_HUMAN 
2   Q9NS84, CHST7_HUMAN 
2   O60507, TPST1_HUMAN 
2    O60704, TPST2_HUMAN 
2   O43916, CHST1_HUMAN 
2    O14792, HS3S1_HUMAN 
2    Q9Y661, HS3S4_HUMAN 
2   Q8IZT8, HS3S5_HUMAN 
2    Q96QI5, HS3S6_HUMAN 
2    Q9Y278, HS3S2_HUMAN 
2    Q9Y663, HS3SA_HUMAN 
2   Q9Y662, HS3SB_HUMAN 
2    Q7LFX5, CHSTF_HUMAN 
2    Q8NCH0, CHSTE_HUMAN 
2   Q6IMI4, ST6B1_HUMAN 
2   P55809, SCOT1_HUMAN 
2   Q9BYC2, SCOT2_HUMAN 
2    Q9HAC7, SUCHY_HUMAN 
2    Q5VV42, CDKAL_HUMAN 
2   Q9HD40, SPCS_HUMAN  
2   Q9NQX3, GEPH_HUMAN  
3   P23141, EST1_HUMAN  
3   O00748, EST2_HUMAN  
3    Q6UWW8, EST3_HUMAN  
3    Q6NT32, EST5A_HUMAN 
3    P27169, PON1_HUMAN  
3   Q15165, PON2_HUMAN  
3   Q15166, PON3_HUMAN  
3   P22760, AAAD_HUMAN  
3    P19835, CEL_HUMAN   
3    P11150, LIPC_HUMAN  
3    Q9Y5X9, LIPE_HUMAN  
3   P07098, LIPG_HUMAN  
3   P16233, LIPP_HUMAN  
3   P54317, LIPR2_HUMAN 
3    Q17RR3, LIPR3_HUMAN 
3   Q96AD5, PLPL2_HUMAN 
3   Q9NST1, PLPL3_HUMAN 
3   P41247, PLPL4_HUMAN 
3   Q8WU67, ABHD3_HUMAN 
3   P53816, PA216_HUMAN 
3    P04054, PA21B_HUMAN 
3   P47712, PA24A_HUMAN 
3    P0C869, PA24B_HUMAN 
3   Q9UP65, PA24C_HUMAN 
3   Q86XP0, PA24D_HUMAN 
3    Q3MJ16, PA24E_HUMAN 
3   Q68DD2, PA24F_HUMAN 
3   Q9NZ20, PA2G3_HUMAN 
3    P39877, PA2G5_HUMAN 
3   P14555, PA2GA_HUMAN 
3   Q9UNK4, PA2GD_HUMAN 
3   Q9NZK7, PA2GE_HUMAN 
3    Q9BZM2, PA2GF_HUMAN 
3   O15496, PA2GX_HUMAN 
3   Q9BZM1, PG12A_HUMAN 
3    Q6P1J6, PLB1_HUMAN  
3   O60733, PLPL9_HUMAN 
3    Q86U10, LPP60_HUMAN 
3   P47712, PA24A_HUMAN 
3    Q6P1J6, PLB1_HUMAN  
3   Q8IY17, PLPL6_HUMAN 
3   Q9NP80, PLPL8_HUMAN 
3   P22303, ACES_HUMAN  
3    P06276, CHLE_HUMAN  
3   P19835, CEL_HUMAN   
3   P38571, LICH_HUMAN  
3   Q15493, RGN_HUMAN   
3    Q8N2K0, ABD12_HUMAN 
3   P08910, ABHD2_HUMAN 
3   Q9BV23, ABHD6_HUMAN 
3   Q99685, MGLL_HUMAN  
3   P54317, LIPR2_HUMAN 
3   Q14197, ICT1_HUMAN  
3    Q9Y3E5, PTH2_HUMAN  
3   Q86Y79, PTH_HUMAN   
3    Q6GMV3, PTRD1_HUMAN 
3   O95336, 6PGL_HUMAN  
3    O95479, G6PE_HUMAN  
3   Q8WU67, ABHD3_HUMAN 
3    P53816, PA216_HUMAN 
3   P06858, LIPL_HUMAN  
3   Q86U10, LPP60_HUMAN 
3    P68402, PA1B2_HUMAN 
3   Q15102, PA1B3_HUMAN 
3   Q99487, PAFA2_HUMAN 
3    Q13093, PAFA_HUMAN  
3   Q9HAT2, SIAE_HUMAN  
3    P23141, EST1_HUMAN  
3   O00748, EST2_HUMAN  
3   P10768, ESTD_HUMAN  
3   Q16518, RPE65_HUMAN 
3    P28039, AOAH_HUMAN  
3   Q05469, LIPS_HUMAN  
3   P27169, PON1_HUMAN  
3   Q15165, PON2_HUMAN  
3   Q15166, PON3_HUMAN  
3   O00748, EST2_HUMAN  
3   Q9Y570, PPME1_HUMAN 
3   Q9NUJ1, ABHDA_HUMAN 
3   Q9BTV6, DPH7_HUMAN  
3   Q6P988, NOTUM_HUMAN 
3   Q8WYK0, ACO12_HUMAN 
3    Q8N1Q8, ACO15_HUMAN 
3   Q86TX2, ACOT1_HUMAN 
3   P49753, ACOT2_HUMAN 
3    Q8N9L9, ACOT4_HUMAN 
3    Q14032, BAAT_HUMAN  
3    Q6ZUV0, BACHL_HUMAN 
3   O00154, BACH_HUMAN  
3   Q5T1C6, THEM4_HUMAN 
3   Q6NVY1, HIBCH_HUMAN 
3   Q16775, GLO2_HUMAN  
3   P10768, ESTD_HUMAN  
3   P49327, FAS_HUMAN   
3   Q9NV23, SAST_HUMAN  
3   P50897, PPT1_HUMAN  
3    O14734, ACOT8_HUMAN 
3    P05187, PPB1_HUMAN  
3   P09923, PPBI_HUMAN  
3    P10696, PPBN_HUMAN  
3   P05186, PPBT_HUMAN  
3    Q6ZNF0, ACP7_HUMAN  
3   P13686, PPA5_HUMAN  
3   Q9NPH0, PPA6_HUMAN  
3   P24666, PPAC_HUMAN  
3   P11117, PPAL_HUMAN  
3   P15309, PPAP_HUMAN  
3   Q9BZG2, PPAT_HUMAN  
3   Q96GD0, PLPP_HUMAN  
3   P78330, SERB_HUMAN  
3    Q14693, LPIN1_HUMAN 
3   Q92539, LPIN2_HUMAN 
3   Q9BQK8, LPIN3_HUMAN 
3   O14494, PLPP1_HUMAN 
3    O43688, PLPP2_HUMAN 
3   O14495, PLPP3_HUMAN 
3   Q5VZY2, PLPP4_HUMAN 
3    Q8NEB5, PLPP5_HUMAN 
3   Q96GM1, PLPR2_HUMAN 
3   Q6T4P5, PLPR3_HUMAN 
3   Q7Z2D5, PLPR4_HUMAN 
3   Q9BXI3, 5NT1A_HUMAN 
3   Q96P26, 5NT1B_HUMAN 
3   Q9H0P0, 5NT3A_HUMAN 
3   Q969T7, 5NT3B_HUMAN 
3   P49902, 5NTC_HUMAN  
3    P21589, 5NTD_HUMAN  
3   P15309, PPAP_HUMAN  
3   O95861, BPNT1_HUMAN 
3   Q9NX62, IMPA3_HUMAN 
3    Q9NQR9, G6PC2_HUMAN 
3   Q9BUM1, G6PC3_HUMAN 
3    P35575, G6PC_HUMAN  
3    P09467, F16P1_HUMAN 
3   O00757, F16P2_HUMAN 
3   Q9UNH5, CC14A_HUMAN 
3    O60729, CC14B_HUMAN 
3   A4D256, CC14C_HUMAN 
3   Q16667, CDKN3_HUMAN 
3   O95476, CNEP1_HUMAN 
3   Q9BRF8, CPPED_HUMAN 
3   Q9Y5B0, CTDP1_HUMAN 
3    Q9GZU7, CTDS1_HUMAN 
3   O14595, CTDS2_HUMAN 
3   O15194, CTDSL_HUMAN 
3    Q6B8I1, DS13A_HUMAN 
3   Q9UII6, DS13B_HUMAN 
3   Q68J44, DUPD1_HUMAN 
3   Q9Y6W6, DUS10_HUMAN 
3   Q9UNI6, DUS12_HUMAN 
3   O95147, DUS14_HUMAN 
3   Q9H1R2, DUS15_HUMAN 
3   Q9BY84, DUS16_HUMAN 
3    Q8NEJ0, DUS18_HUMAN 
3   Q8WTR2, DUS19_HUMAN 
3   P28562, DUS1_HUMAN  
3   Q9H596, DUS21_HUMAN 
3    Q9NRW4, DUS22_HUMAN 
3   Q9BVJ7, DUS23_HUMAN 
3   Q9BV47, DUS26_HUMAN 
3   Q4G0W2, DUS28_HUMAN 
3   Q05923, DUS2_HUMAN  
3    P51452, DUS3_HUMAN  
3   Q13115, DUS4_HUMAN  
3   Q16690, DUS5_HUMAN  
3   Q16828, DUS6_HUMAN  
3   Q16829, DUS7_HUMAN  
3   Q13202, DUS8_HUMAN  
3    Q99956, DUS9_HUMAN  
3    O95278, EPM2A_HUMAN 
3   Q99502, EYA1_HUMAN  
3   Q9H0C8, ILKAP_HUMAN 
3    Q96HS1, PGAM5_HUMAN 
3   O60346, PHLP1_HUMAN 
3   Q6ZVD8, PHLP2_HUMAN 
3   P62136, PP1A_HUMAN  
3    P62140, PP1B_HUMAN  
3    P36873, PP1G_HUMAN  
3   P67775, PP2AA_HUMAN 
3    P62714, PP2AB_HUMAN 
3    Q08209, PP2BA_HUMAN 
3    P16298, PP2BB_HUMAN 
3    P48454, PP2BC_HUMAN 
3   P60510, PP4C_HUMAN  
3   O14829, PPE1_HUMAN  
3   O14830, PPE2_HUMAN  
3   P35813, PPM1A_HUMAN 
3   O75688, PPM1B_HUMAN 
3   O15297, PPM1D_HUMAN 
3    Q8WY54, PPM1E_HUMAN 
3    P49593, PPM1F_HUMAN 
3   O15355, PPM1G_HUMAN 
3    Q9ULR3, PPM1H_HUMAN 
3   Q5JR12, PPM1J_HUMAN 
3   Q8N3J5, PPM1K_HUMAN 
3   Q5SGD2, PPM1L_HUMAN 
3    Q96MI6, PPM1M_HUMAN 
3   Q8N819, PPM1N_HUMAN 
3   P53041, PPP5_HUMAN  
3   O00743, PPP6_HUMAN  
3    Q8NI37, PPTC7_HUMAN 
3    P60484, PTEN_HUMAN  
3   Q8WUK0, PTPM1_HUMAN 
3   Q8IXW5, RPAP2_HUMAN 
3   Q8WYL5, SSH1_HUMAN  
3   Q76I76, SSH2_HUMAN  
3    Q8TE77, SSH3_HUMAN  
3    Q9NP77, SSU72_HUMAN 
3   Q8WVY7, UBCP1_HUMAN 
3   A6NDG6, PGP_HUMAN   
3   P29218, IMPA1_HUMAN 
3   O14732, IMPA2_HUMAN 
3   Q9NX62, IMPA3_HUMAN 
3   Q9Y2H2, SAC2_HUMAN  
3   Q8WUK0, PTPM1_HUMAN 
3    Q8TBE9, NANP_HUMAN  
3   Q96T60, PNKP_HUMAN  
3    O60942, MCE1_HUMAN  
3    P32019, I5P2_HUMAN  
3    Q9NRR6, INP5E_HUMAN 
3   Q01968, OCRL_HUMAN  
3   O43426, SYNJ1_HUMAN 
3   O15056, SYNJ2_HUMAN 
3   Q9P0J1, PDP1_HUMAN  
3    Q9P2J9, PDP2_HUMAN  
3   P16118, F261_HUMAN  
3    O60825, F262_HUMAN  
3   Q16875, F263_HUMAN  
3   Q16877, F264_HUMAN  
3   Q9NQ88, TIGAR_HUMAN 
3    O75061, AUXI_HUMAN  
3   Q9UNH5, CC14A_HUMAN 
3    O60729, CC14B_HUMAN 
3   A4D256, CC14C_HUMAN 
3    Q16667, CDKN3_HUMAN 
3   Q6B8I1, DS13A_HUMAN 
3   Q9UII6, DS13B_HUMAN 
3   Q68J44, DUPD1_HUMAN 
3   Q9Y6W6, DUS10_HUMAN 
3    Q9UNI6, DUS12_HUMAN 
3   O95147, DUS14_HUMAN 
3    Q9H1R2, DUS15_HUMAN 
3    Q9BY84, DUS16_HUMAN 
3   Q8NEJ0, DUS18_HUMAN 
3    Q8WTR2, DUS19_HUMAN 
3    P28562, DUS1_HUMAN  
3    Q9H596, DUS21_HUMAN 
3   Q9NRW4, DUS22_HUMAN 
3    Q9BVJ7, DUS23_HUMAN 
3    Q9BV47, DUS26_HUMAN 
3   Q4G0W2, DUS28_HUMAN 
3    Q05923, DUS2_HUMAN  
3   P51452, DUS3_HUMAN  
3    Q13115, DUS4_HUMAN  
3    Q16690, DUS5_HUMAN  
3    Q16828, DUS6_HUMAN  
3    Q16829, DUS7_HUMAN  
3    Q13202, DUS8_HUMAN  
3   Q99956, DUS9_HUMAN  
3    O95278, EPM2A_HUMAN 
3   Q99502, EYA1_HUMAN  
3   O00167, EYA2_HUMAN  
3   Q99504, EYA3_HUMAN  
3   O95677, EYA4_HUMAN  
3   Q86V88, MGDP1_HUMAN 
3   P30304, MPIP1_HUMAN 
3   P30305, MPIP2_HUMAN 
3   P30307, MPIP3_HUMAN 
3   Q13615, MTMR3_HUMAN 
3   Q9NYA4, MTMR4_HUMAN 
3   A6NDG6, PGP_HUMAN   
3   P24666, PPAC_HUMAN  
3   P60484, PTEN_HUMAN  
3    Q06124, PTN11_HUMAN 
3    Q05209, PTN12_HUMAN 
3   Q12923, PTN13_HUMAN 
3   Q15678, PTN14_HUMAN 
3    Q99952, PTN18_HUMAN 
3    P18031, PTN1_HUMAN  
3    Q4JDL3, PTN20_HUMAN 
3    Q16825, PTN21_HUMAN 
3    Q9Y2R2, PTN22_HUMAN 
3   Q9H3S7, PTN23_HUMAN 
3   P17706, PTN2_HUMAN  
3   P26045, PTN3_HUMAN  
3    P29074, PTN4_HUMAN  
3   P54829, PTN5_HUMAN  
3   P29350, PTN6_HUMAN  
3   P35236, PTN7_HUMAN  
3   P43378, PTN9_HUMAN  
3    Q8WUK0, PTPM1_HUMAN 
3   Q92932, PTPR2_HUMAN 
3   P18433, PTPRA_HUMAN 
3   P23467, PTPRB_HUMAN 
3   P08575, PTPRC_HUMAN 
3   P23468, PTPRD_HUMAN 
3   P23469, PTPRE_HUMAN 
3    P10586, PTPRF_HUMAN 
3   P23470, PTPRG_HUMAN 
3    Q9HD43, PTPRH_HUMAN 
3    Q12913, PTPRJ_HUMAN 
3   Q15262, PTPRK_HUMAN 
3   P28827, PTPRM_HUMAN 
3    Q16827, PTPRO_HUMAN 
3   Q9UMZ3, PTPRQ_HUMAN 
3   Q15256, PTPRR_HUMAN 
3    Q13332, PTPRS_HUMAN 
3    O14522, PTPRT_HUMAN 
3   Q92729, PTPRU_HUMAN 
3   P23471, PTPRZ_HUMAN 
3    Q8WYL5, SSH1_HUMAN  
3   Q76I76, SSH2_HUMAN  
3   Q8TE77, SSH3_HUMAN  
3    Q93096, TP4A1_HUMAN 
3   Q12974, TP4A2_HUMAN 
3    O75365, TP4A3_HUMAN 
3   P56180, TPTE_HUMAN  
3    Q8TF42, UBS3B_HUMAN 
3    P62140, PP1B_HUMAN  
3   Q14642, I5P1_HUMAN  
3    Q9BT40, INP5K_HUMAN 
3    Q15735, PI5PA_HUMAN 
3    P49441, INPP_HUMAN  
3    Q9UNW1, MINP1_HUMAN 
3   Q13496, MTM1_HUMAN  
3   Q13613, MTMR1_HUMAN 
3   Q13614, MTMR2_HUMAN 
3   Q13615, MTMR3_HUMAN 
3    Q96PE3, INP4A_HUMAN 
3    O15327, INP4B_HUMAN 
3   P60484, PTEN_HUMAN  
3    Q6XPS3, TPTE2_HUMAN 
3   Q8TCD6, PHOP2_HUMAN 
3   Q96GD0, PLPP_HUMAN  
3   Q8TCT1, PHOP1_HUMAN 
3    P34913, HYES_HUMAN  
3   Q9UHY7, ENOPH_HUMAN 
3   Q8N4L2, TM55A_HUMAN 
3   Q86T03, TM55B_HUMAN 
3    Q9UNW1, MINP1_HUMAN 
3   Q92835, SHIP1_HUMAN 
3   O15357, SHIP2_HUMAN 
3    Q9H0P0, 5NT3A_HUMAN 
3   Q969T7, 5NT3B_HUMAN 
3    P29218, IMPA1_HUMAN 
3   Q13496, MTM1_HUMAN  
3   Q13613, MTMR1_HUMAN 
3   Q13614, MTMR2_HUMAN 
3   Q13615, MTMR3_HUMAN 
3   Q08623, HDHD1_HUMAN 
3    P22413, ENPP1_HUMAN 
3   O14638, ENPP3_HUMAN 
3   Q9Y2M0, FAN1_HUMAN  
3   Q9NPB8, GPCP1_HUMAN 
3   Q13393, PLD1_HUMAN  
3    O14939, PLD2_HUMAN  
3   Q8IV08, PLD3_HUMAN  
3    Q96BZ4, PLD4_HUMAN  
3    Q9NQ66, PLCB1_HUMAN 
3    Q00722, PLCB2_HUMAN 
3    Q01970, PLCB3_HUMAN 
3   Q15147, PLCB4_HUMAN 
3    P51178, PLCD1_HUMAN 
3   Q8N3E9, PLCD3_HUMAN 
3    Q9BRC7, PLCD4_HUMAN 
3   Q9P212, PLCE1_HUMAN 
3   P19174, PLCG1_HUMAN 
3   P16885, PLCG2_HUMAN 
3    Q4KWH8, PLCH1_HUMAN 
3   O75038, PLCH2_HUMAN 
3    Q86YW0, PLCZ1_HUMAN 
3   P17405, ASM_HUMAN   
3    Q6UWV6, ENPP7_HUMAN 
3   Q9NY59, NSMA2_HUMAN 
3    Q9NXE4, NSMA3_HUMAN 
3    O60906, NSMA_HUMAN  
3    Q9Y233, PDE10_HUMAN 
3   P54750, PDE1A_HUMAN 
3   Q01064, PDE1B_HUMAN 
3   Q14123, PDE1C_HUMAN 
3   O00408, PDE2A_HUMAN 
3    Q14432, PDE3A_HUMAN 
3    Q13370, PDE3B_HUMAN 
3   Q13956, CNCG_HUMAN  
3    P18545, CNRG_HUMAN  
3   Q9Y233, PDE10_HUMAN 
3    Q9HCR9, PDE11_HUMAN 
3   O76074, PDE5A_HUMAN 
3   P16499, PDE6A_HUMAN 
3    P35913, PDE6B_HUMAN 
3   P51160, PDE6C_HUMAN 
3    O76083, PDE9A_HUMAN 
3   P09543, CN37_HUMAN  
3   Q6UWR7, ENPP6_HUMAN 
3   Q13822, ENPP2_HUMAN 
3    Q9HCC8, GDPD2_HUMAN 
3   Q9NZC3, GDE1_HUMAN  
3   Q9UK23, NAGPA_HUMAN 
3   P80108, PHLD_HUMAN  
3    Q9HCR9, PDE11_HUMAN 
3    P27815, PDE4A_HUMAN 
3   Q07343, PDE4B_HUMAN 
3   Q08493, PDE4C_HUMAN 
3   Q08499, PDE4D_HUMAN 
3   Q13946, PDE7A_HUMAN 
3   Q9NP56, PDE7B_HUMAN 
3   O60658, PDE8A_HUMAN 
3    O95263, PDE8B_HUMAN 
3   Q6IQ20, NAPEP_HUMAN 
3    P08842, STS_HUMAN   
3   P34059, GALNS_HUMAN 
3   P15289, ARSA_HUMAN  
3   P15848, ARSB_HUMAN  
3    P22304, IDS_HUMAN   
3   P15586, GNS_HUMAN   
3   Q8N4P3, MESH1_HUMAN 
3   P27169, PON1_HUMAN  
3   Q15166, PON3_HUMAN  
3   Q9NVH0, EXD2_HUMAN  
3   O60671, RAD1_HUMAN  
3   Q99638, RAD9A_HUMAN 
3    Q9NSU2, TREX1_HUMAN 
3   Q9BQ50, TREX2_HUMAN 
3   Q96AZ6, ISG20_HUMAN 
3    Q96LI5, CNO6L_HUMAN 
3   Q9ULM6, CNOT6_HUMAN 
3   Q9UIV1, CNOT7_HUMAN 
3   Q9UFF9, CNOT8_HUMAN 
3   Q9UK39, NOCT_HUMAN  
3   Q504Q3, PAN2_HUMAN  
3   O95453, PARN_HUMAN  
3   Q6L8Q7, PDE12_HUMAN 
3   Q8NA58, PNDC1_HUMAN 
3   P24855, DNAS1_HUMAN 
3   O00115, DNS2A_HUMAN 
3    Q8WZ79, DNS2B_HUMAN 
3   Q9UPY3, DICER_HUMAN 
3    Q9NRR4, RNC_HUMAN   
3    P63132, PO113_HUMAN 
3   P10266, POK10_HUMAN 
3   Q9UQG0, POK11_HUMAN 
3    Q9QC07, POK18_HUMAN 
3   Q9WJR5, POK19_HUMAN 
3   P63136, POK25_HUMAN 
3    Q9BXR3, POK6_HUMAN  
3   P63135, POK7_HUMAN  
3   P63133, POK8_HUMAN  
3    P63128, POK9_HUMAN  
3    O60930, RNH1_HUMAN  
3   O75792, RNH2A_HUMAN 
3    Q99575, POP1_HUMAN  
3    Q969H6, POP5_HUMAN  
3   O75817, POP7_HUMAN  
3   O95059, RPP14_HUMAN 
3   Q9H633, RPP21_HUMAN 
3   Q9BUL9, RPP25_HUMAN 
3    O95707, RPP29_HUMAN 
3    P78346, RPP30_HUMAN 
3    P78345, RPP38_HUMAN 
3    O75818, RPP40_HUMAN 
3   Q9H777, RNZ1_HUMAN  
3   Q9BQ52, RNZ2_HUMAN  
3   Q9UKV8, AGO2_HUMAN  
3    P07998, RNAS1_HUMAN 
3    P10153, RNAS2_HUMAN 
3    P04745, AMY1_HUMAN  
3    P19961, AMY2B_HUMAN 
3    P04746, AMYP_HUMAN  
3   Q2M2H8, MGAL_HUMAN  
3   O43451, MGA_HUMAN   
3   P14410, SUIS_HUMAN  
3    Q9BZP6, CHIA_HUMAN  
3   Q13231, CHIT1_HUMAN 
3   P61626, LYSC_HUMAN  
3   Q6UWQ5, LYZL1_HUMAN 
3   Q7Z4W2, LYZL2_HUMAN 
3    Q96QH8, LYZL5_HUMAN 
3    O75951, LYZL6_HUMAN 
3   Q99519, NEUR1_HUMAN 
3   Q9Y3R4, NEUR2_HUMAN 
3   Q9UQ49, NEUR3_HUMAN 
3   Q8WWR8, NEUR4_HUMAN 
3   Q8TET4, GANC_HUMAN  
3    P10253, LYAG_HUMAN  
3    O43451, MGA_HUMAN   
3   Q9H227, GBA3_HUMAN  
3    P06280, AGAL_HUMAN  
3   P16278, BGAL_HUMAN  
3    O00754, MA2B1_HUMAN 
3    Q9Y2E5, MA2B2_HUMAN 
3   Q9NTJ4, MA2C1_HUMAN 
3   O00462, MANBA_HUMAN 
3    O43280, TREA_HUMAN  
3   P08236, BGLR_HUMAN  
3   Q9UEF7, KLOT_HUMAN  
3   P35573, GDE_HUMAN   
3    Q8WUJ3, CEMIP_HUMAN 
3   Q12794, HYAL1_HUMAN 
3    Q12891, HYAL2_HUMAN 
3    O43820, HYAL3_HUMAN 
3    Q2M3T9, HYAL4_HUMAN 
3    P38567, HYALP_HUMAN 
3   Q9UHN6, TMEM2_HUMAN 
3   Q9HCG7, GBA2_HUMAN  
3    P04062, GLCM_HUMAN  
3    P54803, GALC_HUMAN  
3    P14410, SUIS_HUMAN  
3   P17050, NAGAB_HUMAN 
3    P54802, ANAG_HUMAN  
3    Q9BTY2, FUCO2_HUMAN 
3   P04066, FUCO_HUMAN  
3   P06865, HEXA_HUMAN  
3   P07686, HEXB_HUMAN  
3    Q8WVB3, HEXDC_HUMAN 
3    P09848, LPH_HUMAN   
3   P35475, IDUA_HUMAN  
3   Q14697, GANAB_HUMAN 
3   Q8NFI3, ENASE_HUMAN 
3   Q13724, MOGS_HUMAN  
3    Q32M88, PGGHG_HUMAN 
3    P09848, LPH_HUMAN   
3    Q9BZQ6, EDEM3_HUMAN 
3   P33908, MA1A1_HUMAN 
3   O60476, MA1A2_HUMAN 
3   Q9UKM7, MA1B1_HUMAN 
3   Q9NR34, MA1C1_HUMAN 
3   Q16706, MA2A1_HUMAN 
3   P49641, MA2A2_HUMAN 
3    Q5SRI9, MANEA_HUMAN 
3    Q9NX46, ARHL2_HUMAN 
3    Q86W56, PARG_HUMAN  
3   Q9Y251, HPSE_HUMAN  
3    O60502, OGA_HUMAN   
3   Q9Y223, GLCNE_HUMAN 
3    Q10588, BST1_HUMAN  
3    P28907, CD38_HUMAN  
3   P54922, ADPRH_HUMAN 
3   P29372, 3MG_HUMAN   
3    P13051, UNG_HUMAN   
3    Q13569, TDG_HUMAN   
3    Q96HN2, SAHH3_HUMAN 
3   P23526, SAHH_HUMAN  
3   Q8N661, TM86B_HUMAN 
3   P09960, LKHA4_HUMAN 
3    P07099, HYEP_HUMAN  
3    P34913, HYES_HUMAN  
3   P28838, AMPL_HUMAN  
3    P15144, AMPN_HUMAN  
3    Q9UIQ6, LCAP_HUMAN  
3   P28838, AMPL_HUMAN  
3   Q9H4A4, AMPB_HUMAN  
3   Q07075, AMPE_HUMAN  
3   Q9NQW7, XPP1_HUMAN  
3   O43895, XPP2_HUMAN  
3   Q9NQH7, XPP3_HUMAN  
3   P55786, PSA_HUMAN   
3    P53582, MAP11_HUMAN 
3   Q6UB28, MAP12_HUMAN 
3   P50579, MAP2_HUMAN  
3    Q9HAU8, RNPL1_HUMAN 
3   Q9ULA0, DNPEP_HUMAN 
3   P12955, PEPD_HUMAN  
3   Q96KP4, CNDP2_HUMAN 
3    P16444, DPEP1_HUMAN 
3    Q9H4A9, DPEP2_HUMAN 
3    Q9H4B8, DPEP3_HUMAN 
3    Q96KN2, CNDP1_HUMAN 
3   P53634, CATC_HUMAN  
3    Q9UHL4, DPP2_HUMAN  
3    Q9NY33, DPP3_HUMAN  
3   P27487, DPP4_HUMAN  
3   Q6V1X1, DPP8_HUMAN  
3    Q86TI2, DPP9_HUMAN  
3    Q12884, SEPR_HUMAN  
3    O14773, TPP1_HUMAN  
3   P29144, TPP2_HUMAN  
3   P12821, ACE_HUMAN   
3   P42785, PCP_HUMAN   
3   P10619, PPGB_HUMAN  
3   P15085, CBPA1_HUMAN 
3   P15088, CBPA3_HUMAN 
3   P15086, CBPB1_HUMAN 
3   P15169, CBPN_HUMAN  
3   P16870, CBPE_HUMAN  
3    P14384, CBPM_HUMAN  
3    P48052, CBPA2_HUMAN 
3   Q96IY4, CBPB2_HUMAN 
3    Q04609, FOLH1_HUMAN 
3    Q9Y3Q0, NALD2_HUMAN 
3   Q9UQQ1, NALDL_HUMAN 
3   O75976, CBPD_HUMAN  
3   Q9BYF1, ACE2_HUMAN  
3   Q9UBR2, CATZ_HUMAN  
3   P13798, ACPH_HUMAN  
3   Q9NXJ5, PGPI_HUMAN  
3   Q7L266, ASGL1_HUMAN 
3    Q9UKU6, TRHDE_HUMAN 
3    Q92820, GGH_HUMAN   
3    Q9NP73, ALG13_HUMAN 
3    Q9H3M9, ATX3L_HUMAN 
3   P54252, ATX3_HUMAN  
3    Q92560, BAP1_HUMAN  
3   Q9NQC7, CYLD_HUMAN  
3   O00303, EIF3F_HUMAN 
3   Q15040, JOS1_HUMAN  
3    Q8TAC2, JOS2_HUMAN  
3   Q8N5J2, MINY1_HUMAN 
3    Q8NBR6, MINY2_HUMAN 
3   Q9H8M7, MINY3_HUMAN 
3   Q4G0A6, MINY4_HUMAN 
3    Q5VVQ6, OTU1_HUMAN  
3   Q7L8S5, OTU6A_HUMAN 
3   Q8N6M0, OTU6B_HUMAN 
3    Q8TE49, OTU7A_HUMAN 
3   Q6GQQ9, OTU7B_HUMAN 
3   Q96FW1, OTUB1_HUMAN 
3   Q96DC9, OTUB2_HUMAN 
3   Q5VV17, OTUD1_HUMAN 
3    Q5T2D3, OTUD3_HUMAN 
3   Q01804, OTUD4_HUMAN 
3   Q96G74, OTUD5_HUMAN 
3   Q96BN8, OTUL_HUMAN  
3   P21580, TNAP3_HUMAN 
3    Q7RTZ2, U17L1_HUMAN 
3   Q6R6M4, U17L2_HUMAN 
3   A6NCW0, U17L3_HUMAN 
3    A8MUK1, U17L5_HUMAN 
3   Q6QN14, U17L6_HUMAN 
3   C9JJH3, U17LA_HUMAN 
3    C9JVI0, U17LB_HUMAN 
3   C9JLJ4, U17LD_HUMAN 
3   C9J2P7, U17LF_HUMAN 
3    D6RBQ6, U17LH_HUMAN 
3   D6R9N7, U17LI_HUMAN 
3   D6RCP7, U17LJ_HUMAN 
3    D6RJB6, U17LK_HUMAN 
3   D6R901, U17LL_HUMAN 
3   D6RA61, U17LM_HUMAN 
3    Q0WX57, U17LO_HUMAN 
3    Q14694, UBP10_HUMAN 
3   P51784, UBP11_HUMAN 
3    O75317, UBP12_HUMAN 
3    Q92995, UBP13_HUMAN 
3   P54578, UBP14_HUMAN 
3    Q9Y4E8, UBP15_HUMAN 
3    Q9Y5T5, UBP16_HUMAN 
3   O94966, UBP19_HUMAN 
3   O94782, UBP1_HUMAN  
3    Q9Y2K6, UBP20_HUMAN 
3   Q9UK80, UBP21_HUMAN 
3   Q9UPT9, UBP22_HUMAN 
3    Q9UPU5, UBP24_HUMAN 
3    Q9UHP3, UBP25_HUMAN 
3    Q9BXU7, UBP26_HUMAN 
3   A6NNY8, UBP27_HUMAN 
3   Q96RU2, UBP28_HUMAN 
3   Q9HBJ7, UBP29_HUMAN 
3   O75604, UBP2_HUMAN  
3    Q70CQ3, UBP30_HUMAN 
3   Q70CQ4, UBP31_HUMAN 
3   Q8NFA0, UBP32_HUMAN 
3   Q8TEY7, UBP33_HUMAN 
3    Q70CQ2, UBP34_HUMAN 
3   Q9P2H5, UBP35_HUMAN 
3   Q9P275, UBP36_HUMAN 
3   Q86T82, UBP37_HUMAN 
3   Q8NB14, UBP38_HUMAN 
3   Q9Y6I4, UBP3_HUMAN  
3    Q9NVE5, UBP40_HUMAN 
3   Q3LFD5, UBP41_HUMAN 
3   Q9H9J4, UBP42_HUMAN 
3   Q70EL4, UBP43_HUMAN 
3   Q9H0E7, UBP44_HUMAN 
3   Q70EL2, UBP45_HUMAN 
3    P62068, UBP46_HUMAN 
3   Q96K76, UBP47_HUMAN 
3   Q86UV5, UBP48_HUMAN 
3   Q70CQ1, UBP49_HUMAN 
3   Q13107, UBP4_HUMAN  
3   Q70EK9, UBP51_HUMAN 
3    P45974, UBP5_HUMAN  
3    P35125, UBP6_HUMAN  
3   Q93009, UBP7_HUMAN  
3   P40818, UBP8_HUMAN  
3   P09936, UCHL1_HUMAN 
3    P15374, UCHL3_HUMAN 
3   Q9Y5K5, UCHL5_HUMAN 
3   C9JPN9, UL17C_HUMAN 
3   Q93008, USP9X_HUMAN 
3    O00507, USP9Y_HUMAN 
3   Q96JH7, VCIP1_HUMAN 
3    Q9UGI0, ZRAN1_HUMAN 
3   P19440, GGT1_HUMAN  
3   A6NGU5, GGT3_HUMAN  
3    P36269, GGT5_HUMAN  
3   Q6P531, GGT6_HUMAN  
3   Q9UJ14, GGT7_HUMAN  
3   P19440, GGT1_HUMAN  
3   P36269, GGT5_HUMAN  
3    P17538, CTRB1_HUMAN 
3   Q6GPI1, CTRB2_HUMAN 
3   Q99895, CTRC_HUMAN  
3    Q8IYP2, PRS58_HUMAN 
3   P07477, TRY1_HUMAN  
3   P07478, TRY2_HUMAN  
3    P35030, TRY3_HUMAN  
3   Q8NHM4, TRY6_HUMAN  
3   P00734, THRB_HUMAN  
3   P00742, FA10_HUMAN  
3   P00747, PLMN_HUMAN  
3   P98073, ENTK_HUMAN  
3   P10323, ACRO_HUMAN  
3    P08311, CATG_HUMAN  
3   P08709, FA7_HUMAN   
3   P00740, FA9_HUMAN   
3   P48147, PPCE_HUMAN  
3   Q12884, SEPR_HUMAN  
3   P03951, FA11_HUMAN  
3   P03952, KLKB1_HUMAN 
3   P06870, KLK1_HUMAN  
3    P20151, KLK2_HUMAN  
3    Q9UNI1, CELA1_HUMAN 
3    P08246, ELNE_HUMAN  
3   P00748, FA12_HUMAN  
3   P23946, CMA1_HUMAN  
3   P00736, C1R_HUMAN   
3   P09871, C1S_HUMAN   
3   P06681, CO2_HUMAN   
3    P05156, CFAI_HUMAN  
3   P00746, CFAD_HUMAN  
3   P00751, CFAB_HUMAN  
3    Q15661, TRYB1_HUMAN 
3    P20231, TRYB2_HUMAN 
3    Q9BZJ3, TRYD_HUMAN  
3   P00750, TPA_HUMAN   
3   P04070, PROC_HUMAN  
3    P09093, CEL3A_HUMAN 
3   P08861, CEL3B_HUMAN 
3   P08217, CEL2A_HUMAN 
3   P08218, CEL2B_HUMAN 
3   P00749, UROK_HUMAN  
3    P09958, FURIN_HUMAN 
3    P24158, PRTN3_HUMAN 
3    P07288, KLK3_HUMAN  
3   P12544, GRAA_HUMAN  
3    P10144, GRAB_HUMAN  
3    P67812, SC11A_HUMAN 
3   P0C7V7, SC11B_HUMAN 
3    Q9BY50, SC11C_HUMAN 
3   Q16740, CLPP_HUMAN  
3   P29120, NEC1_HUMAN  
3   P16519, NEC2_HUMAN  
3    O00187, MASP2_HUMAN 
3    Q9H300, PARL_HUMAN  
3    O75783, RHBL1_HUMAN 
3   Q9NX52, RHBL2_HUMAN 
3   P58872, RHBL3_HUMAN 
3   Q8TEB9, RHBL4_HUMAN 
3    P05981, HEPS_HUMAN  
3   O43464, HTRA2_HUMAN 
3   Q9Y5Y6, ST14_HUMAN  
3   Q14703, MBTP1_HUMAN 
3    P49862, KLK7_HUMAN  
3    O60259, KLK8_HUMAN  
3    P07858, CATB_HUMAN  
3    P07711, CATL1_HUMAN 
3   P09668, CATH_HUMAN  
3   P25774, CATS_HUMAN  
3    Q99538, LGMN_HUMAN  
3   P29466, CASP1_HUMAN 
3    P43235, CATK_HUMAN  
3   Q13867, BLMH_HUMAN  
3    Q9UBX1, CATF_HUMAN  
3    P43234, CATO_HUMAN  
3   O60911, CATL2_HUMAN 
3   Q14674, ESPL1_HUMAN 
3   P07384, CAN1_HUMAN  
3   P17655, CAN2_HUMAN  
3   A6NHC0, CAN8_HUMAN  
3   P20807, CAN3_HUMAN  
3   P42575, CASP2_HUMAN 
3    P42574, CASP3_HUMAN 
3   P49662, CASP4_HUMAN 
3    P51878, CASP5_HUMAN 
3   P55212, CASP6_HUMAN 
3    P55210, CASP7_HUMAN 
3   Q14790, CASP8_HUMAN 
3    P55211, CASP9_HUMAN 
3    Q92851, CASPA_HUMAN 
3   Q9P0U3, SENP1_HUMAN 
3   Q9HC62, SENP2_HUMAN 
3    Q9H4L4, SENP3_HUMAN 
3   Q96HI0, SENP5_HUMAN 
3   Q9GZR1, SENP6_HUMAN 
3   Q9BQF6, SENP7_HUMAN 
3   Q96LD8, SENP8_HUMAN 
3   P0DJD8, PEPA3_HUMAN 
3    P0DJD7, PEPA4_HUMAN 
3    P0DJD9, PEPA5_HUMAN 
3   P20142, PEPC_HUMAN  
3    P07339, CATD_HUMAN  
3   P00797, RENI_HUMAN  
3    P14091, CATE_HUMAN  
3    Q9Y5Z0, BACE2_HUMAN 
3   P56817, BACE1_HUMAN 
3    P63128, POK9_HUMAN  
3   P63121, VP113_HUMAN 
3   P63124, VPK04_HUMAN 
3    P10265, VPK10_HUMAN 
3   P63123, VPK18_HUMAN 
3   P63120, VPK19_HUMAN 
3    P63119, VPK21_HUMAN 
3   P63129, VPK24_HUMAN 
3   P63125, VPK25_HUMAN 
3    Q9Y6I0, VPK6_HUMAN  
3   P63131, VPK7_HUMAN  
3   P63122, VPK8_HUMAN  
3    P63127, VPK9_HUMAN  
3   P03956, MMP1_HUMAN  
3    Q495T6, MMEL1_HUMAN 
3    P08473, NEP_HUMAN   
3   O95450, ATS2_HUMAN  
3   P52888, THOP1_HUMAN 
3   Q9BYT8, NEUL_HUMAN  
3   P08254, MMP3_HUMAN  
3    Q16819, MEP1A_HUMAN 
3    P13497, BMP1_HUMAN  
3    P09238, MMP10_HUMAN 
3   P09237, MMP7_HUMAN  
3   P08253, MMP2_HUMAN  
3    P22894, MMP8_HUMAN  
3   P14780, MMP9_HUMAN  
3   P14735, IDE_HUMAN   
3   Q99797, MIPEP_HUMAN 
3   O43847, NRDC_HUMAN  
3    Q16820, MEP1B_HUMAN 
3   Q10713, MPPA_HUMAN  
3   O75439, MPPB_HUMAN  
3    P39900, MMP12_HUMAN 
3   P42892, ECE1_HUMAN  
3    O60344, ECE2_HUMAN  
3    Q13219, PAPP1_HUMAN 
3   P50281, MMP14_HUMAN 
3   O14672, ADA10_HUMAN 
3   O75173, ATS4_HUMAN  
3    O75844, FACE1_HUMAN 
3   O43462, MBTP2_HUMAN 
3    P78536, ADA17_HUMAN 
3    Q76LX8, ATS13_HUMAN 
3   P25786, PSA1_HUMAN  
3   P25787, PSA2_HUMAN  
3   P25788, PSA3_HUMAN  
3    P25789, PSA4_HUMAN  
3   P28066, PSA5_HUMAN  
3   P60900, PSA6_HUMAN  
3   Q8TAA3, PSA7L_HUMAN 
3   O14818, PSA7_HUMAN  
3   P40306, PSB10_HUMAN 
3   A5LHX3, PSB11_HUMAN 
3   P20618, PSB1_HUMAN  
3    P49721, PSB2_HUMAN  
3    P49720, PSB3_HUMAN  
3   P28070, PSB4_HUMAN  
3    P28074, PSB5_HUMAN  
3   P28072, PSB6_HUMAN  
3   Q99436, PSB7_HUMAN  
3    P28062, PSB8_HUMAN  
3   P28065, PSB9_HUMAN  
3   Q7L266, ASGL1_HUMAN 
3   Q86U10, LPP60_HUMAN 
3    O94925, GLSK_HUMAN  
3    Q9UI32, GLSL_HUMAN  
3   Q9NQR4, NIT2_HUMAN  
3   Q9UBR1, BUP1_HUMAN  
3   Q63HM1, KFA_HUMAN   
3   P43251, BTD_HUMAN   
3   Q03154, ACY1_HUMAN  
3   P45381, ACY2_HUMAN  
3   Q8TDN7, ACER1_HUMAN 
3    Q5QJU3, ACER2_HUMAN 
3   Q13510, ASAH1_HUMAN 
3   Q9NR71, ASAH2_HUMAN 
3    Q9Y303, NAGA_HUMAN  
3   P20933, ASPG_HUMAN  
3   Q96PD5, PGRP2_HUMAN 
3    Q96IV0, NGLY1_HUMAN 
3   Q9HBH1, DEFM_HUMAN  
3   Q9Y2B2, PIGL_HUMAN  
3   O95497, VNN1_HUMAN  
3   O95498, VNN2_HUMAN  
3    Q9NY84, VNN3_HUMAN  
3    Q969S8, HDA10_HUMAN 
3   Q96DB2, HDA11_HUMAN 
3   Q13547, HDAC1_HUMAN 
3    Q92769, HDAC2_HUMAN 
3   O15379, HDAC3_HUMAN 
3   P56524, HDAC4_HUMAN 
3    Q9UQL6, HDAC5_HUMAN 
3    Q9UBN7, HDAC6_HUMAN 
3   Q8WUI4, HDAC7_HUMAN 
3   Q9BY41, HDAC8_HUMAN 
3   Q9UKV0, HDAC9_HUMAN 
3   O00519, FAAH1_HUMAN 
3   Q6GMR7, FAAH2_HUMAN 
3   Q96HD9, ACY3_HUMAN  
3   Q96HA8, NTAQ1_HUMAN 
3    Q99497, PARK7_HUMAN 
3    Q14117, DPYS_HUMAN  
3    P27708, PYR1_HUMAN  
3    Q96NU7, HUTI_HUMAN  
3    O14841, OPLA_HUMAN  
3   P05089, ARGI1_HUMAN 
3   P78540, ARGI2_HUMAN 
3    Q8N6M5, ALLC_HUMAN  
3    Q9BSE5, SPEB_HUMAN  
3    Q9ULC6, PADI1_HUMAN 
3    Q9Y2J8, PADI2_HUMAN 
3    Q9ULW8, PADI3_HUMAN 
3   Q9UM07, PADI4_HUMAN 
3   Q6TGC4, PADI6_HUMAN 
3   O94760, DDAH1_HUMAN 
3   O95865, DDAH2_HUMAN 
3   Q9Y2T3, GUAD_HUMAN  
3    Q9NZK5, ADA2_HUMAN  
3   P00813, ADA_HUMAN   
3   P32320, CDD_HUMAN   
3   P23109, AMPD1_HUMAN 
3   Q01433, AMPD2_HUMAN 
3   Q01432, AMPD3_HUMAN 
3   P11586, C1TC_HUMAN  
3   Q9H903, MTD2L_HUMAN 
3   P13995, MTDC_HUMAN  
3   P31939, PUR9_HUMAN  
3   P32321, DCTD_HUMAN  
3   P30793, GCH1_HUMAN  
3    Q9BUB4, ADAT1_HUMAN 
3    P41238, ABEC1_HUMAN 
3   Q9Y235, ABEC2_HUMAN 
3    P55265, DSRAD_HUMAN 
3    P78563, RED1_HUMAN  
3   Q9GZX7, AICDA_HUMAN 
3   P46926, GNPI1_HUMAN 
3   Q8TDQ7, GNPI2_HUMAN 
3    P52758, RIDA_HUMAN  
3   Q9H2U2, IPYR2_HUMAN 
3    Q15181, IPYR_HUMAN  
3    Q9H008, LHPP_HUMAN  
3   Q86TP1, PRUN1_HUMAN 
3   Q8NBU5, ATAD1_HUMAN 
3    Q6PL18, ATAD2_HUMAN 
3   Q9H078, CLPB_HUMAN  
3   Q96S55, WRIP1_HUMAN 
3   P49961, ENTP1_HUMAN 
3   O75355, ENTP3_HUMAN 
3   Q5MY95, ENTP8_HUMAN 
3   Q8WVQ1, CANT1_HUMAN 
3   Q9Y227, ENTP4_HUMAN 
3    O75356, ENTP5_HUMAN 
3   O75354, ENTP6_HUMAN 
3    P07311, ACYP1_HUMAN 
3    P14621, ACYP2_HUMAN 
3    P22413, ENPP1_HUMAN 
3   O14638, ENPP3_HUMAN 
3    Q9BY32, ITPA_HUMAN  
3   Q9NV35, NUD15_HUMAN 
3   Q9H773, DCTP1_HUMAN 
3    Q3LIE5, ADPRM_HUMAN 
3   Q9UKK9, NUDT5_HUMAN 
3   Q9BW91, NUDT9_HUMAN 
3    Q9BSD7, NTPCR_HUMAN 
3    Q3LIE5, ADPRM_HUMAN 
3   P50583, AP4A_HUMAN  
3    P41250, GARS_HUMAN  
3   Q9BQG2, NUD12_HUMAN 
3   P33316, DUT_HUMAN   
3   Q9BU02, THTPA_HUMAN 
3   Q9Y6X5, ENPP4_HUMAN 
3   P49789, FHIT_HUMAN  
3    O75356, ENTP5_HUMAN 
3    Q86YN1, DOPP1_HUMAN 
3    O95848, NUD14_HUMAN 
3   Q8NFP7, NUD10_HUMAN 
3   Q96G61, NUD11_HUMAN 
3   O95989, NUDT3_HUMAN 
3   Q9NZJ9, NUDT4_HUMAN 
3    Q3LIE5, ADPRM_HUMAN 
3    P36639, 8ODP_HUMAN  
3    P36639, 8ODP_HUMAN  
3   Q6ZVK8, NUD18_HUMAN 
3   Q9UKK9, NUDT5_HUMAN 
3    Q96C86, DCPS_HUMAN  
3   Q8NFP7, NUD10_HUMAN 
3   Q96G61, NUD11_HUMAN 
3   Q8IU60, DCP2_HUMAN  
3   Q96DE0, NUD16_HUMAN 
3   Q96DE0, NUD16_HUMAN 
3    O60312, AT10A_HUMAN 
3   O94823, AT10B_HUMAN 
3    Q9P241, AT10D_HUMAN 
3    P98196, AT11A_HUMAN 
3   Q9Y2G3, AT11B_HUMAN 
3   Q8NB49, AT11C_HUMAN 
3   Q9Y2Q0, AT8A1_HUMAN 
3   Q9NTI2, AT8A2_HUMAN 
3    O43520, AT8B1_HUMAN 
3    P98198, AT8B2_HUMAN 
3   O60423, AT8B3_HUMAN 
3   Q8TF62, AT8B4_HUMAN 
3   O75110, ATP9A_HUMAN 
3   O43861, ATP9B_HUMAN 
3   O14983, AT2A1_HUMAN 
3   P16615, AT2A2_HUMAN 
3   Q93084, AT2A3_HUMAN 
3   P20020, AT2B1_HUMAN 
3   Q01814, AT2B2_HUMAN 
3   Q16720, AT2B3_HUMAN 
3   P23634, AT2B4_HUMAN 
3    P98194, AT2C1_HUMAN 
3   O75185, AT2C2_HUMAN 
3    P05023, AT1A1_HUMAN 
3    P50993, AT1A2_HUMAN 
3    P13637, AT1A3_HUMAN 
3   Q13733, AT1A4_HUMAN 
3   P54707, AT12A_HUMAN 
3   P20648, ATP4A_HUMAN 
3   P06576, ATPB_HUMAN  
3    P38606, VATA_HUMAN  
3   P08183, MDR1_HUMAN  
3    P21439, MDR3_HUMAN  
3    P13569, CFTR_HUMAN  
3    Q04656, ATP7A_HUMAN 
3    P35670, ATP7B_HUMAN 
3   Q9BW62, KATL1_HUMAN 
3   Q8IYT4, KATL2_HUMAN 
3   O75449, KTNA1_HUMAN 
3   Q9UBP0, SPAST_HUMAN 
3    P46459, NSF_HUMAN   
3   P55072, TERA_HUMAN  
3   Q9UN37, VPS4A_HUMAN 
3   O75351, VPS4B_HUMAN 
3   P10809, CH60_HUMAN  
3   Q9Y4B4, ARIP4_HUMAN 
3   Q8N3C0, ASCC3_HUMAN 
3    P46100, ATRX_HUMAN  
3   P54132, BLM_HUMAN   
3    Q86WJ1, CHD1L_HUMAN 
3   O14646, CHD1_HUMAN  
3   O14647, CHD2_HUMAN  
3   Q12873, CHD3_HUMAN  
3    Q14839, CHD4_HUMAN  
3   Q8TDI0, CHD5_HUMAN  
3   Q8TD26, CHD6_HUMAN  
3    Q9P2D1, CHD7_HUMAN  
3    Q9HCK8, CHD8_HUMAN  
3   Q3L8U1, CHD9_HUMAN  
3   Q96FC9, DDX11_HUMAN 
3   Q9H2U1, DHX36_HUMAN 
3   P51530, DNA2_HUMAN  
3    Q8TE96, DQX1_HUMAN  
3   Q2NKX8, ERC6L_HUMAN 
3   P18074, ERCC2_HUMAN 
3   P19447, ERCC3_HUMAN 
3    Q8NFZ0, FBH1_HUMAN  
3   Q13283, G3BP1_HUMAN 
3   Q8NG08, HELB_HUMAN  
3   Q8TDG4, HELQ_HUMAN  
3    A2PYH4, HFM1_HUMAN  
3   Q9ULG1, INO80_HUMAN 
3   P49736, MCM2_HUMAN  
3    P25205, MCM3_HUMAN  
3    P33991, MCM4_HUMAN  
3   P33992, MCM5_HUMAN  
3   Q14566, MCM6_HUMAN  
3   P33993, MCM7_HUMAN  
3   Q9UJA3, MCM8_HUMAN  
3   Q9NXL9, MCM9_HUMAN  
3    Q8IVL1, NAV2_HUMAN  
3    Q96RR1, PEO1_HUMAN  
3   Q9H611, PIF1_HUMAN  
3   P46063, RECQ1_HUMAN 
3   O94761, RECQ4_HUMAN 
3   O94762, RECQ5_HUMAN 
3   Q9NZ71, RTEL1_HUMAN 
3   Q9Y265, RUVB1_HUMAN 
3   Q9Y230, RUVB2_HUMAN 
3   P38935, SMBP2_HUMAN 
3    Q9H4L7, SMRCD_HUMAN 
3   P13984, T2FB_HUMAN  
3    Q14191, WRN_HUMAN   
3   A8MPP1, D11L8_HUMAN 
3   Q9NUU7, DD19A_HUMAN 
3   Q9UMR2, DD19B_HUMAN 
3    Q13206, DDX10_HUMAN 
3   Q92771, DDX12_HUMAN 
3   Q92841, DDX17_HUMAN 
3   Q9NVP1, DDX18_HUMAN 
3   Q92499, DDX1_HUMAN  
3   Q9UHI6, DDX20_HUMAN 
3    Q9NR30, DDX21_HUMAN 
3   Q9BUQ8, DDX23_HUMAN 
3   Q9GZR7, DDX24_HUMAN 
3   Q9UHL0, DDX25_HUMAN 
3   Q96GQ7, DDX27_HUMAN 
3   Q9NUL7, DDX28_HUMAN 
3   Q9H8H2, DDX31_HUMAN 
3   O00571, DDX3X_HUMAN 
3   O15523, DDX3Y_HUMAN 
3   Q9UJV9, DDX41_HUMAN 
3    Q86XP3, DDX42_HUMAN 
3   Q9NXZ2, DDX43_HUMAN 
3   Q7L014, DDX46_HUMAN 
3   Q9H0S4, DDX47_HUMAN 
3    Q9Y6V7, DDX49_HUMAN 
3    Q9NQI0, DDX4_HUMAN  
3   Q9BQ39, DDX50_HUMAN 
3    Q8N8A6, DDX51_HUMAN 
3   Q9Y2R4, DDX52_HUMAN 
3   Q86TM3, DDX53_HUMAN 
3    Q8TDD1, DDX54_HUMAN 
3    Q8NHQ9, DDX55_HUMAN 
3   Q9NY93, DDX56_HUMAN 
3   O95786, DDX58_HUMAN 
3   Q5T1V6, DDX59_HUMAN 
3   P17844, DDX5_HUMAN  
3   Q8IY21, DDX60_HUMAN 
3   Q5H9U9, DDX6L_HUMAN 
3   P26196, DDX6_HUMAN  
3    O43143, DHX15_HUMAN 
3   O60231, DHX16_HUMAN 
3   Q7Z478, DHX29_HUMAN 
3    Q7L2E3, DHX30_HUMAN 
3   Q7L7V1, DHX32_HUMAN 
3   Q9H6R0, DHX33_HUMAN 
3    Q14147, DHX34_HUMAN 
3    Q9H5Z1, DHX35_HUMAN 
3   Q9H2U1, DHX36_HUMAN 
3   Q8IY37, DHX37_HUMAN 
3   Q8IX18, DHX40_HUMAN 
3    Q6P158, DHX57_HUMAN 
3   Q96C10, DHX58_HUMAN 
3   Q14562, DHX8_HUMAN  
3    Q08211, DHX9_HUMAN  
3   O00148, DX39A_HUMAN 
3    Q13838, DX39B_HUMAN 
3    Q9BX63, FANCJ_HUMAN 
3   Q8IYD8, FANCM_HUMAN 
3   Q13283, G3BP1_HUMAN 
3   P60842, IF4A1_HUMAN 
3   Q14240, IF4A2_HUMAN 
3   P38919, IF4A3_HUMAN 
3   Q9BYX4, IFIH1_HUMAN 
3   Q9BXT6, M10L1_HUMAN 
3   Q9HCE1, MOV10_HUMAN 
3   Q92620, PRP16_HUMAN 
3   P42285, SK2L2_HUMAN 
3    P38935, SMBP2_HUMAN 
3   Q8IYB8, SUV3_HUMAN  
3    Q587J7, TDR12_HUMAN 
3    Q8NDG6, TDRD9_HUMAN 
3   O75643, U520_HUMAN  
3   Q9H6S0, YTDC2_HUMAN 
3   O60841, IF2P_HUMAN  
3   O00429, DNM1L_HUMAN 
3   Q05193, DYN1_HUMAN  
3   P50570, DYN2_HUMAN  
3   Q9UQ16, DYN3_HUMAN  
3   O60313, OPA1_HUMAN  
3    P16930, FAAA_HUMAN  
3   Q16719, KYNU_HUMAN  
3   Q6P587, FAHD1_HUMAN 
3   Q9NRX4, PHP14_HUMAN 
3    P51688, SPHM_HUMAN  
4   Q6P587, FAHD1_HUMAN 
4   A6NK06, IRG1_HUMAN  
4   O95822, DCMC_HUMAN  
4   Q6ZQY3, GADL1_HUMAN 
4   Q99259, DCE1_HUMAN  
4    Q05329, DCE2_HUMAN  
4   P15104, GLNA_HUMAN  
4   P11926, DCOR_HUMAN  
4   P22234, PUR6_HUMAN  
4    P19113, DCHS_HUMAN  
4   P11172, UMPS_HUMAN  
4   P20711, DDC_HUMAN   
4    Q9Y600, CSAD_HUMAN  
4   Q6ZQY3, GADL1_HUMAN 
4   P35558, PCKGC_HUMAN 
4   Q16822, PCKGM_HUMAN 
4   P53602, MVD1_HUMAN  
4   Q8NBZ7, UXS1_HUMAN  
4   Q96CD2, COAC_HUMAN  
4   P06132, DCUP_HUMAN  
4    Q9NTX5, ECHD1_HUMAN 
4    Q8TDX5, ACMSD_HUMAN 
4    P17707, DCAM_HUMAN  
4    Q9UG56, PISD_HUMAN  
4   P30046, DOPD_HUMAN  
4   P38435, VKGC_HUMAN  
4    Q9NTX5, ECHD1_HUMAN 
4   A6NGE7, URAD_HUMAN  
4   Q9Y315, DEOC_HUMAN  
4    P04075, ALDOA_HUMAN 
4   P05062, ALDOB_HUMAN 
4   P09972, ALDOC_HUMAN 
4    O95470, SGPL1_HUMAN 
4    Q9BXD5, NPL_HUMAN   
4   Q8TB92, HMGC2_HUMAN 
4   P35914, HMGCL_HUMAN 
4   Q86XE5, HOGA1_HUMAN 
4    Q6NUM6, TYW1B_HUMAN 
4    Q9NV66, TYW1_HUMAN  
4    Q9NZB8, MOCS1_HUMAN 
4   O43570, CAH12_HUMAN 
4   Q8N1Q1, CAH13_HUMAN 
4    Q9ULX7, CAH14_HUMAN 
4    P00915, CAH1_HUMAN  
4   P00918, CAH2_HUMAN  
4    P07451, CAH3_HUMAN  
4   P22748, CAH4_HUMAN  
4    P35218, CAH5A_HUMAN 
4    Q9Y2D0, CAH5B_HUMAN 
4    P23280, CAH6_HUMAN  
4    P43166, CAH7_HUMAN  
4   Q16790, CAH9_HUMAN  
4   P07954, FUMH_HUMAN  
4   P21399, ACOC_HUMAN  
4    Q99798, ACON_HUMAN  
4    A6NNW6, ENO4_HUMAN  
4    P06733, ENOA_HUMAN  
4    P13929, ENOB_HUMAN  
4   P09104, ENOG_HUMAN  
4    P40939, ECHA_HUMAN  
4    P30084, ECHM_HUMAN  
4    Q08426, ECHP_HUMAN  
4   Q13825, AUHM_HUMAN  
4    P0DN79, CBSL_HUMAN  
4   P35520, CBS_HUMAN   
4   P13716, HEM2_HUMAN  
4   O95455, TGDS_HUMAN  
4   O60547, GMDS_HUMAN  
4    Q7Z3D6, GLUCM_HUMAN 
4    Q96N76, HUTU_HUMAN  
4   P49327, FAS_HUMAN   
4   Q7L5Y1, ENOF1_HUMAN 
4   P10746, HEM4_HUMAN  
4   Q96EM0, T3HPD_HUMAN 
4   Q8IW45, NNRD_HUMAN  
4   Q9H0N5, PHS2_HUMAN  
4   P61457, PHS_HUMAN   
4    P51659, DHB4_HUMAN  
4    Q96GX9, MTNB_HUMAN  
4   P51659, DHB4_HUMAN  
4   B0YJ81, HACD1_HUMAN 
4   Q6Y1H2, HACD2_HUMAN 
4   Q9P035, HACD3_HUMAN 
4    Q5VWC8, HACD4_HUMAN 
4    Q9BYJ1, LOXE3_HUMAN 
4   Q8TBG4, AT2L1_HUMAN 
4    Q03393, PTPS_HUMAN  
4    Q8IUZ5, AT2L2_HUMAN 
4    Q13686, ALKB1_HUMAN 
4   P27695, APEX1_HUMAN 
4    Q9UBZ4, APEX2_HUMAN 
4   Q8IW19, APLF_HUMAN  
4   Q96FI4, NEIL1_HUMAN 
4   Q969S2, NEIL2_HUMAN 
4   Q8TAT5, NEIL3_HUMAN 
4   P78549, NTH_HUMAN   
4    O15527, OGG1_HUMAN  
4   P23396, RS3_HUMAN   
4   P42357, HUTH_HUMAN  
4   O95954, FTCD_HUMAN  
4   P20132, SDHL_HUMAN  
4   Q96GA7, SDSL_HUMAN  
4   Q9GZT4, SRR_HUMAN   
4   Q9GZT4, SRR_HUMAN   
4    P20132, SDHL_HUMAN  
4    Q96GA7, SDSL_HUMAN  
4    P04424, ARLY_HUMAN  
4   P30566, PUR8_HUMAN  
4   P19021, AMD_HUMAN   
4   P32929, CGL_HUMAN   
4    Q04760, LGUL_HUMAN  
4    Q16773, KAT1_HUMAN  
4   Q6YP21, KAT3_HUMAN  
4    Q96I15, SCLY_HUMAN  
4   P53701, CCHL_HUMAN  
4   Q16873, LTC4S_HUMAN 
4   Q08828, ADCY1_HUMAN 
4   Q08462, ADCY2_HUMAN 
4   O60266, ADCY3_HUMAN 
4   Q8NFM4, ADCY4_HUMAN 
4    O95622, ADCY5_HUMAN 
4   O43306, ADCY6_HUMAN 
4    P51828, ADCY7_HUMAN 
4   P40145, ADCY8_HUMAN 
4    O60503, ADCY9_HUMAN 
4    Q96PN6, ADCYA_HUMAN 
4    P16066, ANPRA_HUMAN 
4   P20594, ANPRB_HUMAN 
4   P33402, GCYA2_HUMAN 
4   Q02108, GCYA3_HUMAN 
4    Q02153, GCYB1_HUMAN 
4    O75343, GCYB2_HUMAN 
4   P25092, GUC2C_HUMAN 
4   Q02846, GUC2D_HUMAN 
4   P51841, GUC2F_HUMAN 
4   Q3LXA3, TKFC_HUMAN  
4   Q8NCE0, SEN2_HUMAN  
4   Q9BSV6, SEN34_HUMAN 
4    Q9NZB8, MOCS1_HUMAN 
4   P22830, HEMH_HUMAN  
5    Q9GZT4, SRR_HUMAN   
5   Q2QD12, RPEL1_HUMAN 
5    Q96AT9, RPE_HUMAN   
5   Q14376, GALE_HUMAN  
5   Q96C23, GALM_HUMAN  
5    Q14376, GALE_HUMAN  
5   P51606, RENBP_HUMAN 
5   O94923, GLCE_HUMAN  
5   Q9UL01, DSE_HUMAN   
5   A2VDF0, FUCM_HUMAN  
5   Q96PE7, MCEE_HUMAN  
5    Q9UHK6, AMACR_HUMAN 
5    Q8NCW5, NNRE_HUMAN  
5   O43708, MAAI_HUMAN  
5   Q6UX04, CWC27_HUMAN 
5   Q96AY3, FKB10_HUMAN 
5   Q9NYL4, FKB11_HUMAN 
5   Q9NWM8, FKB14_HUMAN 
5   P62942, FKB1A_HUMAN 
5   P68106, FKB1B_HUMAN 
5   P26885, FKBP2_HUMAN 
5   Q00688, FKBP3_HUMAN 
5   Q02790, FKBP4_HUMAN 
5   Q13451, FKBP5_HUMAN 
5    Q9Y680, FKBP7_HUMAN 
5    Q14318, FKBP8_HUMAN 
5   O95302, FKBP9_HUMAN 
5    P30414, NKTR_HUMAN  
5   Q9Y536, PAL4A_HUMAN 
5    A0A0B4J2A2, PAL4C_HUMAN 
5   F5H284, PAL4D_HUMAN 
5   A0A075B759, PAL4E_HUMAN 
5    P0DN26, PAL4F_HUMAN 
5   P0DN37, PAL4G_HUMAN 
5   Q13526, PIN1_HUMAN  
5   Q9Y237, PIN4_HUMAN  
5    P62937, PPIA_HUMAN  
5    P23284, PPIB_HUMAN  
5   P45877, PPIC_HUMAN  
5   Q08752, PPID_HUMAN  
5   Q9UNP9, PPIE_HUMAN  
5    P30405, PPIF_HUMAN  
5    Q13427, PPIG_HUMAN  
5   O43447, PPIH_HUMAN  
5    Q9Y3C6, PPIL1_HUMAN 
5   Q13356, PPIL2_HUMAN 
5   Q9H2H8, PPIL3_HUMAN 
5   Q8WUA2, PPIL4_HUMAN 
5    Q8IXY8, PPIL6_HUMAN 
5    Q96BP3, PPWD1_HUMAN 
5   Q15257, PTPA_HUMAN  
5   P60174, TPIS_HUMAN  
5   P49247, RPIA_HUMAN  
5    P34949, MPI_HUMAN   
5   P06744, G6PI_HUMAN  
5   Q5T013, HYI_HUMAN   
5   Q9BV20, MTNA_HUMAN  
5    P14174, MIF_HUMAN   
5    P14060, 3BHS1_HUMAN 
5   P26439, 3BHS2_HUMAN 
5   Q13907, IDI1_HUMAN  
5    Q9BXS1, IDI2_HUMAN  
5    Q15125, EBP_HUMAN   
5    Q08426, ECHP_HUMAN  
5   P42126, ECI1_HUMAN  
5   O75521, ECI2_HUMAN  
5   P14174, MIF_HUMAN   
5   P40126, TYRP2_HUMAN 
5   P07237, PDIA1_HUMAN 
5   Q13087, PDIA2_HUMAN 
5   P30101, PDIA3_HUMAN 
5   P13667, PDIA4_HUMAN 
5   Q14554, PDIA5_HUMAN 
5   Q15084, PDIA6_HUMAN 
5   Q96JJ7, TMX3_HUMAN  
5   O60760, HPGDS_HUMAN 
5    P41222, PTGDS_HUMAN 
5   Q9H7Z7, PGES2_HUMAN 
5   O14684, PTGES_HUMAN 
5   Q15185, TEBP_HUMAN  
5   Q16647, PTGIS_HUMAN 
5   P24557, THAS_HUMAN  
5   P36871, PGM1_HUMAN  
5   Q96G03, PGM2_HUMAN  
5    O95394, AGM1_HUMAN  
5   P18669, PGAM1_HUMAN 
5   P15259, PGAM2_HUMAN 
5   Q8N0Y7, PGAM4_HUMAN 
5   P07738, PMGE_HUMAN  
5    Q96G03, PGM2_HUMAN  
5   Q92871, PMM1_HUMAN  
5    O15305, PMM2_HUMAN  
5    P18669, PGAM1_HUMAN 
5   P15259, PGAM2_HUMAN 
5   Q8N0Y7, PGAM4_HUMAN 
5    P07738, PMGE_HUMAN  
5    Q9BYJ1, LOXE3_HUMAN 
5   P22033, MUTA_HUMAN  
5   P48449, ERG7_HUMAN  
5    Q9Y606, TRUA_HUMAN  
5   Q3MIT2, PUS10_HUMAN 
5   Q9BZE2, PUS3_HUMAN  
5   Q9NPH2, INO1_HUMAN  
5   Q969P6, TOP1M_HUMAN 
5   P11387, TOP1_HUMAN  
5    Q13472, TOP3A_HUMAN 
5   O95985, TOP3B_HUMAN 
5    Q9Y5K1, SPO11_HUMAN 
5    P11388, TOP2A_HUMAN 
5    Q02880, TOP2B_HUMAN 
6   P54577, SYYC_HUMAN  
6   Q9Y2Z4, SYYM_HUMAN  
6   P23381, SYWC_HUMAN  
6    Q9UGM6, SYWM_HUMAN  
6   A2RTX5, SYTC2_HUMAN 
6    P26639, SYTC_HUMAN  
6   Q9BW92, SYTM_HUMAN  
6   Q9P2J5, SYLC_HUMAN  
6   Q15031, SYLM_HUMAN  
6   P41252, SYIC_HUMAN  
6   Q9NSE4, SYIM_HUMAN  
6   Q15046, SYK_HUMAN   
6    P49588, SYAC_HUMAN  
6   Q5JTZ9, SYAM_HUMAN  
6   P26640, SYVC_HUMAN  
6   Q5ST30, SYVM_HUMAN  
6    P56192, SYMC_HUMAN  
6   Q96GW9, SYMM_HUMAN  
6   P49591, SYSC_HUMAN  
6   Q9NP81, SYSM_HUMAN  
6   P14868, SYDC_HUMAN  
6   Q6PI48, SYDM_HUMAN  
6   P41250, GARS_HUMAN  
6    P07814, SYEP_HUMAN  
6   Q7L3T8, SYPM_HUMAN  
6   P49589, SYCC_HUMAN  
6   Q9HA77, SYCM_HUMAN  
6    Q5JPH6, SYEM_HUMAN  
6   P07814, SYEP_HUMAN  
6   P47897, SYQ_HUMAN   
6    P54136, SYRC_HUMAN  
6    Q5T160, SYRM_HUMAN  
6   Q9Y285, SYFA_HUMAN  
6    Q9NSD9, SYFB_HUMAN  
6   O95363, SYFM_HUMAN  
6   P12081, SYHC_HUMAN  
6    P49590, SYHM_HUMAN  
6    O43776, SYNC_HUMAN  
6   Q96I59, SYNM_HUMAN  
6    Q9NUB1, ACS2L_HUMAN 
6   Q9NR19, ACSA_HUMAN  
6   Q9H6R3, ACSS3_HUMAN 
6   Q08AH3, ACS2A_HUMAN 
6   Q68CK6, ACS2B_HUMAN 
6   Q08AH1, ACSM1_HUMAN 
6   Q53FZ2, ACSM3_HUMAN 
6    P0C7M7, ACSM4_HUMAN 
6    Q6NUN0, ACSM5_HUMAN 
6    Q6P461, ACSM6_HUMAN 
6   Q96GR2, ACBG1_HUMAN 
6    Q5FVE4, ACBG2_HUMAN 
6   P33121, ACSL1_HUMAN 
6   O95573, ACSL3_HUMAN 
6    O60488, ACSL4_HUMAN 
6    Q9ULC5, ACSL5_HUMAN 
6    Q9UKU0, ACSL6_HUMAN 
6    O14975, S27A2_HUMAN 
6   P53597, SUCA_HUMAN  
6   Q96I99, SUCB2_HUMAN 
6   P53597, SUCA_HUMAN  
6   Q9P2R7, SUCB1_HUMAN 
6    Q9Y2P5, S27A5_HUMAN 
6   Q86V21, AACS_HUMAN  
6   P22314, UBA1_HUMAN  
6   A0AVT1, UBA6_HUMAN  
6    P15104, GLNA_HUMAN  
6   Q7L8W6, DPH6_HUMAN  
6   Q9ULI2, RIMKB_HUMAN 
6   P48506, GSH1_HUMAN  
6   P48637, GSHB_HUMAN  
6   Q9HAB8, PPCS_HUMAN  
6    P22234, PUR6_HUMAN  
6   A5YM72, CRNS1_HUMAN 
6    Q05932, FOLC_HUMAN  
6   Q8NG68, TTL_HUMAN   
6    Q8IXN7, RIMKA_HUMAN 
6   Q9ULI2, RIMKB_HUMAN 
6    Q8IXN7, RIMKA_HUMAN 
6    Q14258, TRI25_HUMAN 
6    P22102, PUR2_HUMAN  
6   P49914, MTHFS_HUMAN 
6   P17812, PYRG1_HUMAN 
6   Q9NRF8, PYRG2_HUMAN 
6   P11586, C1TC_HUMAN  
6    Q6UB35, C1TM_HUMAN  
6   Q8N142, PURA1_HUMAN 
6    P30520, PURA2_HUMAN 
6   P00966, ASSY_HUMAN  
6    P50747, BPL1_HUMAN  
6    P50747, BPL1_HUMAN  
6    P50747, BPL1_HUMAN  
6   P22102, PUR2_HUMAN  
6   Q13085, ACACA_HUMAN 
6   O00763, ACACB_HUMAN 
6    P50747, BPL1_HUMAN  
6    P31327, CPSM_HUMAN  
6    Q6XQN6, PNCB_HUMAN  
6   Q6IA69, NADE_HUMAN  
6   P49915, GUAA_HUMAN  
6   O15067, PUR4_HUMAN  
6   P08243, ASNS_HUMAN  
6   P27708, PYR1_HUMAN  
6    Q9H0R6, GATA_HUMAN  
6   P11498, PYC_HUMAN   
6   Q13085, ACACA_HUMAN 
6   O00763, ACACB_HUMAN 
6   P05165, PCCA_HUMAN  
6    P05166, PCCB_HUMAN  
6   Q96RQ3, MCCA_HUMAN  
6   Q9HCC0, MCCB_HUMAN  
6   P18858, DNLI1_HUMAN 
6   P49916, DNLI3_HUMAN 
6   P49917, DNLI4_HUMAN 
6    Q9Y3I0, RTCB_HUMAN  
6    O00442, RTCA_HUMAN  
